Archive member included to satisfy reference by file (symbol)

C:/Users/User/Desktop/STM32/STM32CubeIDE_1.18.0/STM32CubeIDE/plugins/com.st.stm32cube.ide.mcu.externaltools.gnu-tools-for-stm32.13.3.rel1.win32_1.0.0.202411081344/tools/bin/../lib/gcc/arm-none-eabi/13.3.1/../../../../arm-none-eabi/lib/thumb/v7e-m+fp/hard\libc_nano.a(libc_a-exit.o)
                              C:/Users/User/Desktop/STM32/STM32CubeIDE_1.18.0/STM32CubeIDE/plugins/com.st.stm32cube.ide.mcu.externaltools.gnu-tools-for-stm32.13.3.rel1.win32_1.0.0.202411081344/tools/bin/../lib/gcc/arm-none-eabi/13.3.1/../../../../arm-none-eabi/lib/thumb/v7e-m+fp/hard/crt0.o (exit)
C:/Users/User/Desktop/STM32/STM32CubeIDE_1.18.0/STM32CubeIDE/plugins/com.st.stm32cube.ide.mcu.externaltools.gnu-tools-for-stm32.13.3.rel1.win32_1.0.0.202411081344/tools/bin/../lib/gcc/arm-none-eabi/13.3.1/../../../../arm-none-eabi/lib/thumb/v7e-m+fp/hard\libc_nano.a(libc_a-itoa.o)
                              ./FreeRTOS/tasks.o (itoa)
C:/Users/User/Desktop/STM32/STM32CubeIDE_1.18.0/STM32CubeIDE/plugins/com.st.stm32cube.ide.mcu.externaltools.gnu-tools-for-stm32.13.3.rel1.win32_1.0.0.202411081344/tools/bin/../lib/gcc/arm-none-eabi/13.3.1/../../../../arm-none-eabi/lib/thumb/v7e-m+fp/hard\libc_nano.a(libc_a-utoa.o)
                              C:/Users/User/Desktop/STM32/STM32CubeIDE_1.18.0/STM32CubeIDE/plugins/com.st.stm32cube.ide.mcu.externaltools.gnu-tools-for-stm32.13.3.rel1.win32_1.0.0.202411081344/tools/bin/../lib/gcc/arm-none-eabi/13.3.1/../../../../arm-none-eabi/lib/thumb/v7e-m+fp/hard\libc_nano.a(libc_a-itoa.o) (__utoa)
C:/Users/User/Desktop/STM32/STM32CubeIDE_1.18.0/STM32CubeIDE/plugins/com.st.stm32cube.ide.mcu.externaltools.gnu-tools-for-stm32.13.3.rel1.win32_1.0.0.202411081344/tools/bin/../lib/gcc/arm-none-eabi/13.3.1/../../../../arm-none-eabi/lib/thumb/v7e-m+fp/hard\libc_nano.a(libc_a-findfp.o)
                              C:/Users/User/Desktop/STM32/STM32CubeIDE_1.18.0/STM32CubeIDE/plugins/com.st.stm32cube.ide.mcu.externaltools.gnu-tools-for-stm32.13.3.rel1.win32_1.0.0.202411081344/tools/bin/../lib/gcc/arm-none-eabi/13.3.1/../../../../arm-none-eabi/lib/thumb/v7e-m+fp/hard\libc_nano.a(libc_a-exit.o) (__stdio_exit_handler)
C:/Users/User/Desktop/STM32/STM32CubeIDE_1.18.0/STM32CubeIDE/plugins/com.st.stm32cube.ide.mcu.externaltools.gnu-tools-for-stm32.13.3.rel1.win32_1.0.0.202411081344/tools/bin/../lib/gcc/arm-none-eabi/13.3.1/../../../../arm-none-eabi/lib/thumb/v7e-m+fp/hard\libc_nano.a(libc_a-fwalk.o)
                              C:/Users/User/Desktop/STM32/STM32CubeIDE_1.18.0/STM32CubeIDE/plugins/com.st.stm32cube.ide.mcu.externaltools.gnu-tools-for-stm32.13.3.rel1.win32_1.0.0.202411081344/tools/bin/../lib/gcc/arm-none-eabi/13.3.1/../../../../arm-none-eabi/lib/thumb/v7e-m+fp/hard\libc_nano.a(libc_a-findfp.o) (_fwalk_sglue)
C:/Users/User/Desktop/STM32/STM32CubeIDE_1.18.0/STM32CubeIDE/plugins/com.st.stm32cube.ide.mcu.externaltools.gnu-tools-for-stm32.13.3.rel1.win32_1.0.0.202411081344/tools/bin/../lib/gcc/arm-none-eabi/13.3.1/../../../../arm-none-eabi/lib/thumb/v7e-m+fp/hard\libc_nano.a(libc_a-sprintf.o)
                              ./FreeRTOS/tasks.o (sprintf)
C:/Users/User/Desktop/STM32/STM32CubeIDE_1.18.0/STM32CubeIDE/plugins/com.st.stm32cube.ide.mcu.externaltools.gnu-tools-for-stm32.13.3.rel1.win32_1.0.0.202411081344/tools/bin/../lib/gcc/arm-none-eabi/13.3.1/../../../../arm-none-eabi/lib/thumb/v7e-m+fp/hard\libc_nano.a(libc_a-stdio.o)
                              C:/Users/User/Desktop/STM32/STM32CubeIDE_1.18.0/STM32CubeIDE/plugins/com.st.stm32cube.ide.mcu.externaltools.gnu-tools-for-stm32.13.3.rel1.win32_1.0.0.202411081344/tools/bin/../lib/gcc/arm-none-eabi/13.3.1/../../../../arm-none-eabi/lib/thumb/v7e-m+fp/hard\libc_nano.a(libc_a-findfp.o) (__sread)
C:/Users/User/Desktop/STM32/STM32CubeIDE_1.18.0/STM32CubeIDE/plugins/com.st.stm32cube.ide.mcu.externaltools.gnu-tools-for-stm32.13.3.rel1.win32_1.0.0.202411081344/tools/bin/../lib/gcc/arm-none-eabi/13.3.1/../../../../arm-none-eabi/lib/thumb/v7e-m+fp/hard\libc_nano.a(libc_a-memset.o)
                              C:/Users/User/Desktop/STM32/STM32CubeIDE_1.18.0/STM32CubeIDE/plugins/com.st.stm32cube.ide.mcu.externaltools.gnu-tools-for-stm32.13.3.rel1.win32_1.0.0.202411081344/tools/bin/../lib/gcc/arm-none-eabi/13.3.1/../../../../arm-none-eabi/lib/thumb/v7e-m+fp/hard/crt0.o (memset)
C:/Users/User/Desktop/STM32/STM32CubeIDE_1.18.0/STM32CubeIDE/plugins/com.st.stm32cube.ide.mcu.externaltools.gnu-tools-for-stm32.13.3.rel1.win32_1.0.0.202411081344/tools/bin/../lib/gcc/arm-none-eabi/13.3.1/../../../../arm-none-eabi/lib/thumb/v7e-m+fp/hard\libc_nano.a(libc_a-strcat.o)
                              ./FreeRTOS/tasks.o (strcat)
C:/Users/User/Desktop/STM32/STM32CubeIDE_1.18.0/STM32CubeIDE/plugins/com.st.stm32cube.ide.mcu.externaltools.gnu-tools-for-stm32.13.3.rel1.win32_1.0.0.202411081344/tools/bin/../lib/gcc/arm-none-eabi/13.3.1/../../../../arm-none-eabi/lib/thumb/v7e-m+fp/hard\libc_nano.a(libc_a-closer.o)
[...]
Memory Configuration

Name             Origin             Length             Attributes
CCMRAM           0x10000000         0x00010000         xrw
RAM              0x20000000         0x00020000         xrw
FLASH            0x08000000         0x00100000         xr
*default*        0x00000000         0xffffffff

Linker script and memory map

LOAD C:/Users/User/Desktop/STM32/STM32CubeIDE_1.18.0/STM32CubeIDE/plugins/com.st.stm32cube.ide.mcu.externaltools.gnu-tools-for-stm32.13.3.rel1.win32_1.0.0.202411081344/tools/bin/../lib/gcc/arm-none-eabi/13.3.1/thumb/v7e-m+fp/hard/crti.o
LOAD C:/Users/User/Desktop/STM32/STM32CubeIDE_1.18.0/STM32CubeIDE/plugins/com.st.stm32cube.ide.mcu.externaltools.gnu-tools-for-stm32.13.3.rel1.win32_1.0.0.202411081344/tools/bin/../lib/gcc/arm-none-eabi/13.3.1/thumb/v7e-m+fp/hard/crtbegin.o
LOAD C:/Users/User/Desktop/STM32/STM32CubeIDE_1.18.0/STM32CubeIDE/plugins/com.st.stm32cube.ide.mcu.externaltools.gnu-tools-for-stm32.13.3.rel1.win32_1.0.0.202411081344/tools/bin/../lib/gcc/arm-none-eabi/13.3.1/../../../../arm-none-eabi/lib/thumb/v7e-m+fp/hard/crt0.o
LOAD ./Core/Src/main.o
LOAD ./Core/Src/stm32f4xx_hal_msp.o
LOAD ./Core/Src/stm32f4xx_hal_timebase_tim.o
LOAD ./Core/Src/stm32f4xx_it.o
LOAD ./Core/Src/syscalls.o
LOAD ./Core/Src/sysmem.o
LOAD ./Core/Src/system_stm32f4xx.o
LOAD ./Core/Startup/startup_stm32f407vgtx.o
LOAD ./Drivers/STM32F4xx_HAL_Driver/Src/stm32f4xx_hal.o
LOAD ./Drivers/STM32F4xx_HAL_Driver/Src/stm32f4xx_hal_cortex.o
LOAD ./Drivers/STM32F4xx_HAL_Driver/Src/stm32f4xx_hal_dma.o
LOAD ./Drivers/STM32F4xx_HAL_Driver/Src/stm32f4xx_hal_dma_ex.o
LOAD ./Drivers/STM32F4xx_HAL_Driver/Src/stm32f4xx_hal_exti.o
LOAD ./Drivers/STM32F4xx_HAL_Driver/Src/stm32f4xx_hal_flash.o
LOAD ./Drivers/STM32F4xx_HAL_Driver/Src/stm32f4xx_hal_flash_ex.o
LOAD ./Drivers/STM32F4xx_HAL_Driver/Src/stm32f4xx_hal_flash_ramfunc.o
LOAD ./Drivers/STM32F4xx_HAL_Driver/Src/stm32f4xx_hal_gpio.o
LOAD ./Drivers/STM32F4xx_HAL_Driver/Src/stm32f4xx_hal_pwr.o
LOAD ./Drivers/STM32F4xx_HAL_Driver/Src/stm32f4xx_hal_pwr_ex.o
LOAD ./Drivers/STM32F4xx_HAL_Driver/Src/stm32f4xx_hal_rcc.o
LOAD ./Drivers/STM32F4xx_HAL_Driver/Src/stm32f4xx_hal_rcc_ex.o
LOAD ./Drivers/STM32F4xx_HAL_Driver/Src/stm32f4xx_hal_tim.o
LOAD ./Drivers/STM32F4xx_HAL_Driver/Src/stm32f4xx_hal_tim_ex.o
LOAD ./Drivers/STM32F4xx_HAL_Driver/Src/stm32f4xx_hal_uart.o
LOAD ./FreeRTOS/croutine.o
LOAD ./FreeRTOS/event_groups.o
LOAD ./FreeRTOS/list.o
LOAD ./FreeRTOS/queue.o
LOAD ./FreeRTOS/stream_buffer.o
LOAD ./FreeRTOS/tasks.o
LOAD ./FreeRTOS/timers.o
LOAD ./FreeRTOS/portable/ARM_CM4F/port.o
LOAD ./FreeRTOS/portable/MemMang/heap_4.o
START GROUP
LOAD C:/Users/User/Desktop/STM32/STM32CubeIDE_1.18.0/STM32CubeIDE/plugins/com.st.stm32cube.ide.mcu.externaltools.gnu-tools-for-stm32.13.3.rel1.win32_1.0.0.202411081344/tools/bin/../lib/gcc/arm-none-eabi/13.3.1/../../../../arm-none-eabi/lib/thumb/v7e-m+fp/hard\libc_nano.a
LOAD C:/Users/User/Desktop/STM32/STM32CubeIDE_1.18.0/STM32CubeIDE/plugins/com.st.stm32cube.ide.mcu.externaltools.gnu-tools-for-stm32.13.3.rel1.win32_1.0.0.202411081344/tools/bin/../lib/gcc/arm-none-eabi/13.3.1/../../../../arm-none-eabi/lib/thumb/v7e-m+fp/hard\libm.a
END GROUP
START GROUP
LOAD C:/Users/User/Desktop/STM32/STM32CubeIDE_1.18.0/STM32CubeIDE/plugins/com.st.stm32cube.ide.mcu.externaltools.gnu-tools-for-stm32.13.3.rel1.win32_1.0.0.202411081344/tools/bin/../lib/gcc/arm-none-eabi/13.3.1/thumb/v7e-m+fp/hard\libgcc.a
LOAD C:/Users/User/Desktop/STM32/STM32CubeIDE_1.18.0/STM32CubeIDE/plugins/com.st.stm32cube.ide.mcu.externaltools.gnu-tools-for-stm32.13.3.rel1.win32_1.0.0.202411081344/tools/bin/../lib/gcc/arm-none-eabi/13.3.1/../../../../arm-none-eabi/lib/thumb/v7e-m+fp/hard\libc_nano.a
END GROUP
START GROUP
LOAD C:/Users/User/Desktop/STM32/STM32CubeIDE_1.18.0/STM32CubeIDE/plugins/com.st.stm32cube.ide.mcu.externaltools.gnu-tools-for-stm32.13.3.rel1.win32_1.0.0.202411081344/tools/bin/../lib/gcc/arm-none-eabi/13.3.1/thumb/v7e-m+fp/hard\libgcc.a
LOAD C:/Users/User/Desktop/STM32/STM32CubeIDE_1.18.0/STM32CubeIDE/plugins/com.st.stm32cube.ide.mcu.externaltools.gnu-tools-for-stm32.13.3.rel1.win32_1.0.0.202411081344/tools/bin/../lib/gcc/arm-none-eabi/13.3.1/../../../../arm-none-eabi/lib/thumb/v7e-m+fp/hard\libc_nano.a
LOAD C:/Users/User/Desktop/STM32/STM32CubeIDE_1.18.0/STM32CubeIDE/plugins/com.st.stm32cube.ide.mcu.externaltools.gnu-tools-for-stm32.13.3.rel1.win32_1.0.0.202411081344/tools/bin/../lib/gcc/arm-none-eabi/13.3.1/../../../../arm-none-eabi/lib/thumb/v7e-m+fp/hard\libnosys.a
END GROUP
START GROUP
LOAD C:/Users/User/Desktop/STM32/STM32CubeIDE_1.18.0/STM32CubeIDE/plugins/com.st.stm32cube.ide.mcu.externaltools.gnu-tools-for-stm32.13.3.rel1.win32_1.0.0.202411081344/tools/bin/../lib/gcc/arm-none-eabi/13.3.1/thumb/v7e-m+fp/hard\libgcc.a
LOAD C:/Users/User/Desktop/STM32/STM32CubeIDE_1.18.0/STM32CubeIDE/plugins/com.st.stm32cube.ide.mcu.externaltools.gnu-tools-for-stm32.13.3.rel1.win32_1.0.0.202411081344/tools/bin/../lib/gcc/arm-none-eabi/13.3.1/../../../../arm-none-eabi/lib/thumb/v7e-m+fp/hard\libc_nano.a
LOAD C:/Users/User/Desktop/STM32/STM32CubeIDE_1.18.0/STM32CubeIDE/plugins/com.st.stm32cube.ide.mcu.externaltools.gnu-tools-for-stm32.13.3.rel1.win32_1.0.0.202411081344/tools/bin/../lib/gcc/arm-none-eabi/13.3.1/../../../../arm-none-eabi/lib/thumb/v7e-m+fp/hard\libnosys.a
END GROUP
LOAD C:/Users/User/Desktop/STM32/STM32CubeIDE_1.18.0/STM32CubeIDE/plugins/com.st.stm32cube.ide.mcu.externaltools.gnu-tools-for-stm32.13.3.rel1.win32_1.0.0.202411081344/tools/bin/../lib/gcc/arm-none-eabi/13.3.1/thumb/v7e-m+fp/hard/crtend.o
LOAD C:/Users/User/Desktop/STM32/STM32CubeIDE_1.18.0/STM32CubeIDE/plugins/com.st.stm32cube.ide.mcu.externaltools.gnu-tools-for-stm32.13.3.rel1.win32_1.0.0.202411081344/tools/bin/../lib/gcc/arm-none-eabi/13.3.1/thumb/v7e-m+fp/hard/crtn.o
                0x20020000                        _estack = (ORIGIN (RAM) + LENGTH (RAM))
                0x00000200                        _Min_Heap_Size = 0x200
                0x00000400                        _Min_Stack_Size = 0x400

.isr_vector     0x08000000      0x188
                0x08000000                        . = ALIGN (0x4)
 *(.isr_vector)
 .isr_vector    0x08000000      0x188 ./Core/Startup/startup_stm32f407vgtx.o
                0x08000000                g_pfnVectors
                0x08000188                        . = ALIGN (0x4)

.text           0x08000190     0x5f1c
                0x08000190                        . = ALIGN (0x4)
 *(.text)
 .text          0x08000190       0x40 C:/Users/User/Desktop/STM32/STM32CubeIDE_1.18.0/STM32CubeIDE/plugins/com.st.stm32cube.ide.mcu.externaltools.gnu-tools-for-stm32.13.3.rel1.win32_1.0.0.202411081344/tools/bin/../lib/gcc/arm-none-eabi/13.3.1/thumb/v7e-m+fp/hard/crtbegin.o
 .text          0x080001d0       0x10 C:/Users/User/Desktop/STM32/STM32CubeIDE_1.18.0/STM32CubeIDE/plugins/com.st.stm32cube.ide.mcu.externaltools.gnu-tools-for-stm32.13.3.rel1.win32_1.0.0.202411081344/tools/bin/../lib/gcc/arm-none-eabi/13.3.1/../../../../arm-none-eabi/lib/thumb/v7e-m+fp/hard\libc_nano.a(libc_a-strlen.o)
                0x080001d0                strlen
 .text          0x080001e0       0xa0 C:/Users/User/Desktop/STM32/STM32CubeIDE_1.18.0/STM32CubeIDE/plugins/com.st.stm32cube.ide.mcu.externaltools.gnu-tools-for-stm32.13.3.rel1.win32_1.0.0.202411081344/tools/bin/../lib/gcc/arm-none-eabi/13.3.1/../../../../arm-none-eabi/lib/thumb/v7e-m+fp/hard\libc_nano.a(libc_a-memchr.o)
                0x080001e0                memchr
 .text          0x08000280       0x30 C:/Users/User/Desktop/STM32/STM32CubeIDE_1.18.0/STM32CubeIDE/plugins/com.st.stm32cube.ide.mcu.externaltools.gnu-tools-for-stm32.13.3.rel1.win32_1.0.0.202411081344/tools/bin/../lib/gcc/arm-none-eabi/13.3.1/thumb/v7e-m+fp/hard\libgcc.a(_aeabi_uldivmod.o)
                0x08000280                __aeabi_uldivmod
 .text          0x080002b0      0x2f8 C:/Users/User/Desktop/STM32/STM32CubeIDE_1.18.0/STM32CubeIDE/plugins/com.st.stm32cube.ide.mcu.externaltools.gnu-tools-for-stm32.13.3.rel1.win32_1.0.0.202411081344/tools/bin/../lib/gcc/arm-none-eabi/13.3.1/thumb/v7e-m+fp/hard\libgcc.a(_udivmoddi4.o)
                0x080002b0                __udivmoddi4
 .text          0x080005a8        0x4 C:/Users/User/Desktop/STM32/STM32CubeIDE_1.18.0/STM32CubeIDE/plugins/com.st.stm32cube.ide.mcu.externaltools.gnu-tools-for-stm32.13.3.rel1.win32_1.0.0.202411081344/tools/bin/../lib/gcc/arm-none-eabi/13.3.1/thumb/v7e-m+fp/hard\libgcc.a(_dvmd_tls.o)
                0x080005a8                __aeabi_idiv0
                0x080005a8                __aeabi_ldiv0
 *(.text*)
 .text.TaskMonitor_App
                0x080005ac       0x18 ./Core/Src/main.o
                0x080005ac                TaskMonitor_App
 .text.Red_LED_App
                0x080005c4       0x2c ./Core/Src/main.o
                0x080005c4                Red_LED_App
 .text.Green_LED_App
                0x080005f0       0x2c ./Core/Src/main.o
                0x080005f0                Green_LED_App
 .text.Delay_App
                0x0800061c       0x2c ./Core/Src/main.o
                0x0800061c                Delay_App
 .text.main     0x08000648       0x90 ./Core/Src/main.o
                0x08000648                main
 .text.SystemClock_Config
                0x080006d8       0xd4 ./Core/Src/main.o
                0x080006d8                SystemClock_Config
 .text.MX_USART2_UART_Init
                0x080007ac       0x54 ./Core/Src/main.o
 .text.MX_GPIO_Init
                0x08000800      0x2bc ./Core/Src/main.o
 .text.HAL_TIM_PeriodElapsedCallback
                0x08000abc       0x24 ./Core/Src/main.o
                0x08000abc                HAL_TIM_PeriodElapsedCallback
 .text.Error_Handler
                0x08000ae0        0xc ./Core/Src/main.o
                0x08000ae0                Error_Handler
 .text.HAL_MspInit
                0x08000aec       0x50 ./Core/Src/stm32f4xx_hal_msp.o
                0x08000aec                HAL_MspInit
 .text.HAL_UART_MspInit
                0x08000b3c       0x90 ./Core/Src/stm32f4xx_hal_msp.o
                0x08000b3c                HAL_UART_MspInit
 .text.HAL_InitTick
                0x08000bcc       0xf8 ./Core/Src/stm32f4xx_hal_timebase_tim.o
                0x08000bcc                HAL_InitTick
 .text.NMI_Handler
                0x08000cc4        0x8 ./Core/Src/stm32f4xx_it.o
                0x08000cc4                NMI_Handler
 .text.HardFault_Handler
                0x08000ccc        0x8 ./Core/Src/stm32f4xx_it.o
                0x08000ccc                HardFault_Handler
 .text.MemManage_Handler
                0x08000cd4        0x8 ./Core/Src/stm32f4xx_it.o
                0x08000cd4                MemManage_Handler
 .text.BusFault_Handler
                0x08000cdc        0x8 ./Core/Src/stm32f4xx_it.o
                0x08000cdc                BusFault_Handler
 .text.UsageFault_Handler
                0x08000ce4        0x8 ./Core/Src/stm32f4xx_it.o
                0x08000ce4                UsageFault_Handler
 .text.DebugMon_Handler
                0x08000cec        0xe ./Core/Src/stm32f4xx_it.o
                0x08000cec                DebugMon_Handler
 *fill*         0x08000cfa        0x2 
 .text.TIM7_IRQHandler
                0x08000cfc       0x14 ./Core/Src/stm32f4xx_it.o
                0x08000cfc                TIM7_IRQHandler
 .text._sbrk    0x08000d10       0x6c ./Core/Src/sysmem.o
                0x08000d10                _sbrk
 .text.SystemInit
                0x08000d7c       0x24 ./Core/Src/system_stm32f4xx.o
                0x08000d7c                SystemInit
 .text.Reset_Handler
                0x08000da0       0x50 ./Core/Startup/startup_stm32f407vgtx.o
                0x08000da0                Reset_Handler
 .text.Default_Handler
                0x08000df0        0x2 ./Core/Startup/startup_stm32f407vgtx.o
                0x08000df0                RTC_Alarm_IRQHandler
                0x08000df0                HASH_RNG_IRQHandler
                0x08000df0                EXTI2_IRQHandler
                0x08000df0                TIM8_CC_IRQHandler
                0x08000df0                TIM1_CC_IRQHandler
                0x08000df0                DMA2_Stream5_IRQHandler
                0x08000df0                DMA1_Stream5_IRQHandler
                0x08000df0                PVD_IRQHandler
                0x08000df0                SDIO_IRQHandler
                0x08000df0                TAMP_STAMP_IRQHandler
                0x08000df0                CAN2_RX1_IRQHandler
                0x08000df0                EXTI3_IRQHandler
                0x08000df0                TIM8_TRG_COM_TIM14_IRQHandler
                0x08000df0                TIM1_UP_TIM10_IRQHandler
                0x08000df0                TIM8_UP_TIM13_IRQHandler
                0x08000df0                I2C3_ER_IRQHandler
                0x08000df0                EXTI0_IRQHandler
                0x08000df0                I2C2_EV_IRQHandler
                0x08000df0                DMA1_Stream2_IRQHandler
                0x08000df0                CAN1_RX0_IRQHandler
                0x08000df0                FPU_IRQHandler
                0x08000df0                OTG_HS_WKUP_IRQHandler
                0x08000df0                CAN2_SCE_IRQHandler
                0x08000df0                DMA2_Stream2_IRQHandler
                0x08000df0                SPI1_IRQHandler
                0x08000df0                TIM6_DAC_IRQHandler
                0x08000df0                TIM1_BRK_TIM9_IRQHandler
                0x08000df0                DCMI_IRQHandler
                0x08000df0                CAN2_RX0_IRQHandler
                0x08000df0                DMA2_Stream3_IRQHandler
                0x08000df0                USART6_IRQHandler
                0x08000df0                USART3_IRQHandler
                0x08000df0                CAN1_RX1_IRQHandler
                0x08000df0                UART5_IRQHandler
                0x08000df0                DMA2_Stream0_IRQHandler
                0x08000df0                TIM4_IRQHandler
                0x08000df0                I2C1_EV_IRQHandler
                0x08000df0                DMA1_Stream6_IRQHandler
                0x08000df0                DMA1_Stream1_IRQHandler
                0x08000df0                UART4_IRQHandler
                0x08000df0                TIM3_IRQHandler
                0x08000df0                RCC_IRQHandler
                0x08000df0                TIM8_BRK_TIM12_IRQHandler
                0x08000df0                Default_Handler
                0x08000df0                EXTI15_10_IRQHandler
                0x08000df0                ADC_IRQHandler
                0x08000df0                DMA1_Stream7_IRQHandler
                0x08000df0                CAN2_TX_IRQHandler
                0x08000df0                TIM5_IRQHandler
                0x08000df0                DMA2_Stream7_IRQHandler
                0x08000df0                I2C3_EV_IRQHandler
                0x08000df0                EXTI9_5_IRQHandler
                0x08000df0                RTC_WKUP_IRQHandler
                0x08000df0                ETH_WKUP_IRQHandler
                0x08000df0                SPI2_IRQHandler
                0x08000df0                OTG_HS_EP1_IN_IRQHandler
                0x08000df0                DMA1_Stream0_IRQHandler
                0x08000df0                CAN1_TX_IRQHandler
                0x08000df0                EXTI4_IRQHandler
                0x08000df0                FSMC_IRQHandler
                0x08000df0                ETH_IRQHandler
                0x08000df0                OTG_HS_EP1_OUT_IRQHandler
                0x08000df0                WWDG_IRQHandler
                0x08000df0                TIM2_IRQHandler
                0x08000df0                OTG_FS_WKUP_IRQHandler
                0x08000df0                TIM1_TRG_COM_TIM11_IRQHandler
                0x08000df0                OTG_HS_IRQHandler
                0x08000df0                EXTI1_IRQHandler
                0x08000df0                USART2_IRQHandler
                0x08000df0                I2C2_ER_IRQHandler
                0x08000df0                DMA2_Stream1_IRQHandler
                0x08000df0                CAN1_SCE_IRQHandler
                0x08000df0                FLASH_IRQHandler
                0x08000df0                DMA2_Stream4_IRQHandler
                0x08000df0                USART1_IRQHandler
                0x08000df0                OTG_FS_IRQHandler
                0x08000df0                SPI3_IRQHandler
                0x08000df0                DMA1_Stream4_IRQHandler
                0x08000df0                I2C1_ER_IRQHandler
                0x08000df0                DMA2_Stream6_IRQHandler
                0x08000df0                DMA1_Stream3_IRQHandler
 *fill*         0x08000df2        0x2 
 .text.HAL_Init
                0x08000df4       0x44 ./Drivers/STM32F4xx_HAL_Driver/Src/stm32f4xx_hal.o
                0x08000df4                HAL_Init
 .text.HAL_IncTick
                0x08000e38       0x28 ./Drivers/STM32F4xx_HAL_Driver/Src/stm32f4xx_hal.o
                0x08000e38                HAL_IncTick
 .text.HAL_GetTick
                0x08000e60       0x18 ./Drivers/STM32F4xx_HAL_Driver/Src/stm32f4xx_hal.o
                0x08000e60                HAL_GetTick
 .text.__NVIC_SetPriorityGrouping
                0x08000e78       0x48 ./Drivers/STM32F4xx_HAL_Driver/Src/stm32f4xx_hal_cortex.o
 .text.__NVIC_GetPriorityGrouping
                0x08000ec0       0x1c ./Drivers/STM32F4xx_HAL_Driver/Src/stm32f4xx_hal_cortex.o
 .text.__NVIC_EnableIRQ
                0x08000edc       0x3c ./Drivers/STM32F4xx_HAL_Driver/Src/stm32f4xx_hal_cortex.o
 .text.__NVIC_SetPriority
                0x08000f18       0x54 ./Drivers/STM32F4xx_HAL_Driver/Src/stm32f4xx_hal_cortex.o
 .text.NVIC_EncodePriority
                0x08000f6c       0x66 ./Drivers/STM32F4xx_HAL_Driver/Src/stm32f4xx_hal_cortex.o
 .text.HAL_NVIC_SetPriorityGrouping
                0x08000fd2       0x16 ./Drivers/STM32F4xx_HAL_Driver/Src/stm32f4xx_hal_cortex.o
                0x08000fd2                HAL_NVIC_SetPriorityGrouping
 .text.HAL_NVIC_SetPriority
                0x08000fe8       0x38 ./Drivers/STM32F4xx_HAL_Driver/Src/stm32f4xx_hal_cortex.o
                0x08000fe8                HAL_NVIC_SetPriority
 .text.HAL_NVIC_EnableIRQ
                0x08001020       0x1c ./Drivers/STM32F4xx_HAL_Driver/Src/stm32f4xx_hal_cortex.o
                0x08001020                HAL_NVIC_EnableIRQ
 .text.HAL_GPIO_Init
                0x0800103c      0x338 ./Drivers/STM32F4xx_HAL_Driver/Src/stm32f4xx_hal_gpio.o
                0x0800103c                HAL_GPIO_Init
 .text.HAL_GPIO_WritePin
                0x08001374       0x32 ./Drivers/STM32F4xx_HAL_Driver/Src/stm32f4xx_hal_gpio.o
                0x08001374                HAL_GPIO_WritePin
 .text.HAL_GPIO_TogglePin
                0x080013a6       0x34 ./Drivers/STM32F4xx_HAL_Driver/Src/stm32f4xx_hal_gpio.o
                0x080013a6                HAL_GPIO_TogglePin
 *fill*         0x080013da        0x2 
 .text.HAL_RCC_OscConfig
                0x080013dc      0x4f0 ./Drivers/STM32F4xx_HAL_Driver/Src/stm32f4xx_hal_rcc.o
                0x080013dc                HAL_RCC_OscConfig
 .text.HAL_RCC_ClockConfig
                0x080018cc      0x1cc ./Drivers/STM32F4xx_HAL_Driver/Src/stm32f4xx_hal_rcc.o
                0x080018cc                HAL_RCC_ClockConfig
 .text.HAL_RCC_GetSysClockFreq
                0x08001a98      0x20c ./Drivers/STM32F4xx_HAL_Driver/Src/stm32f4xx_hal_rcc.o
                0x08001a98                HAL_RCC_GetSysClockFreq
 .text.HAL_RCC_GetHCLKFreq
                0x08001ca4       0x18 ./Drivers/STM32F4xx_HAL_Driver/Src/stm32f4xx_hal_rcc.o
                0x08001ca4                HAL_RCC_GetHCLKFreq
 .text.HAL_RCC_GetPCLK1Freq
                0x08001cbc       0x28 ./Drivers/STM32F4xx_HAL_Driver/Src/stm32f4xx_hal_rcc.o
                0x08001cbc                HAL_RCC_GetPCLK1Freq
 .text.HAL_RCC_GetPCLK2Freq
                0x08001ce4       0x28 ./Drivers/STM32F4xx_HAL_Driver/Src/stm32f4xx_hal_rcc.o
                0x08001ce4                HAL_RCC_GetPCLK2Freq
 .text.HAL_RCC_GetClockConfig
                0x08001d0c       0x64 ./Drivers/STM32F4xx_HAL_Driver/Src/stm32f4xx_hal_rcc.o
                0x08001d0c                HAL_RCC_GetClockConfig
 .text.HAL_TIM_Base_Init
                0x08001d70       0x9e ./Drivers/STM32F4xx_HAL_Driver/Src/stm32f4xx_hal_tim.o
                0x08001d70                HAL_TIM_Base_Init
 .text.HAL_TIM_Base_MspInit
                0x08001e0e       0x14 ./Drivers/STM32F4xx_HAL_Driver/Src/stm32f4xx_hal_tim.o
                0x08001e0e                HAL_TIM_Base_MspInit
 *fill*         0x08001e22        0x2 
 .text.HAL_TIM_Base_Start_IT
                0x08001e24       0xe0 ./Drivers/STM32F4xx_HAL_Driver/Src/stm32f4xx_hal_tim.o
                0x08001e24                HAL_TIM_Base_Start_IT
 .text.HAL_TIM_IRQHandler
                0x08001f04      0x1e0 ./Drivers/STM32F4xx_HAL_Driver/Src/stm32f4xx_hal_tim.o
                0x08001f04                HAL_TIM_IRQHandler
 .text.HAL_TIM_OC_DelayElapsedCallback
                0x080020e4       0x14 ./Drivers/STM32F4xx_HAL_Driver/Src/stm32f4xx_hal_tim.o
                0x080020e4                HAL_TIM_OC_DelayElapsedCallback
 .text.HAL_TIM_IC_CaptureCallback
                0x080020f8       0x14 ./Drivers/STM32F4xx_HAL_Driver/Src/stm32f4xx_hal_tim.o
                0x080020f8                HAL_TIM_IC_CaptureCallback
 .text.HAL_TIM_PWM_PulseFinishedCallback
                0x0800210c       0x14 ./Drivers/STM32F4xx_HAL_Driver/Src/stm32f4xx_hal_tim.o
                0x0800210c                HAL_TIM_PWM_PulseFinishedCallback
 .text.HAL_TIM_TriggerCallback
                0x08002120       0x14 ./Drivers/STM32F4xx_HAL_Driver/Src/stm32f4xx_hal_tim.o
                0x08002120                HAL_TIM_TriggerCallback
 .text.TIM_Base_SetConfig
                0x08002134      0x158 ./Drivers/STM32F4xx_HAL_Driver/Src/stm32f4xx_hal_tim.o
                0x08002134                TIM_Base_SetConfig
 .text.HAL_TIMEx_CommutCallback
                0x0800228c       0x14 ./Drivers/STM32F4xx_HAL_Driver/Src/stm32f4xx_hal_tim_ex.o
                0x0800228c                HAL_TIMEx_CommutCallback
 .text.HAL_TIMEx_BreakCallback
                0x080022a0       0x14 ./Drivers/STM32F4xx_HAL_Driver/Src/stm32f4xx_hal_tim_ex.o
                0x080022a0                HAL_TIMEx_BreakCallback
 .text.HAL_UART_Init
                0x080022b4       0xa0 ./Drivers/STM32F4xx_HAL_Driver/Src/stm32f4xx_hal_uart.o
                0x080022b4                HAL_UART_Init
 .text.HAL_UART_Transmit
                0x08002354      0x116 ./Drivers/STM32F4xx_HAL_Driver/Src/stm32f4xx_hal_uart.o
                0x08002354                HAL_UART_Transmit
 .text.UART_WaitOnFlagUntilTimeout
                0x0800246a       0xb2 ./Drivers/STM32F4xx_HAL_Driver/Src/stm32f4xx_hal_uart.o
 .text.UART_EndRxTransfer
                0x0800251c       0xc6 ./Drivers/STM32F4xx_HAL_Driver/Src/stm32f4xx_hal_uart.o
 *fill*         0x080025e2        0x2 
 .text.UART_SetConfig
                0x080025e4      0x4e8 ./Drivers/STM32F4xx_HAL_Driver/Src/stm32f4xx_hal_uart.o
 .text.vListInitialise
                0x08002acc       0x40 ./FreeRTOS/list.o
                0x08002acc                vListInitialise
 .text.vListInitialiseItem
                0x08002b0c       0x1a ./FreeRTOS/list.o
                0x08002b0c                vListInitialiseItem
 .text.vListInsertEnd
                0x08002b26       0x48 ./FreeRTOS/list.o
                0x08002b26                vListInsertEnd
 .text.vListInsert
                0x08002b6e       0x72 ./FreeRTOS/list.o
                0x08002b6e                vListInsert
 .text.uxListRemove
                0x08002be0       0x54 ./FreeRTOS/list.o
                0x08002be0                uxListRemove
 .text.xQueueGenericReset
                0x08002c34       0xd4 ./FreeRTOS/queue.o
                0x08002c34                xQueueGenericReset
 .text.xQueueGenericCreate
                0x08002d08       0x7a ./FreeRTOS/queue.o
                0x08002d08                xQueueGenericCreate
 .text.prvInitialiseNewQueue
                0x08002d82       0x46 ./FreeRTOS/queue.o
 .text.xQueueGenericSend
                0x08002dc8      0x204 ./FreeRTOS/queue.o
                0x08002dc8                xQueueGenericSend
 .text.xQueueGenericSendFromISR
                0x08002fcc      0x136 ./FreeRTOS/queue.o
                0x08002fcc                xQueueGenericSendFromISR
 *fill*         0x08003102        0x2 
 .text.xQueueReceive
                0x08003104      0x1c4 ./FreeRTOS/queue.o
                0x08003104                xQueueReceive
 .text.prvCopyDataToQueue
                0x080032c8       0xd4 ./FreeRTOS/queue.o
 .text.prvCopyDataFromQueue
                0x0800339c       0x4c ./FreeRTOS/queue.o
 .text.prvUnlockQueue
                0x080033e8       0xa4 ./FreeRTOS/queue.o
 .text.prvIsQueueEmpty
                0x0800348c       0x2c ./FreeRTOS/queue.o
 .text.prvIsQueueFull
                0x080034b8       0x30 ./FreeRTOS/queue.o
 .text.vQueueAddToRegistry
                0x080034e8       0x54 ./FreeRTOS/queue.o
                0x080034e8                vQueueAddToRegistry
 .text.vQueueWaitForMessageRestricted
                0x0800353c       0x68 ./FreeRTOS/queue.o
                0x0800353c                vQueueWaitForMessageRestricted
 .text.xTaskCreate
                0x080035a4       0x82 ./FreeRTOS/tasks.o
                0x080035a4                xTaskCreate
 .text.prvInitialiseNewTask
                0x08003626      0x120 ./FreeRTOS/tasks.o
 *fill*         0x08003746        0x2 
 .text.prvAddNewTaskToReadyList
                0x08003748       0xdc ./FreeRTOS/tasks.o
 .text.vTaskDelay
                0x08003824       0x6c ./FreeRTOS/tasks.o
                0x08003824                vTaskDelay
 .text.vTaskStartScheduler
                0x08003890       0x9c ./FreeRTOS/tasks.o
                0x08003890                vTaskStartScheduler
 .text.vTaskSuspendAll
                0x0800392c       0x1c ./FreeRTOS/tasks.o
                0x0800392c                vTaskSuspendAll
 .text.xTaskResumeAll
                0x08003948      0x13c ./FreeRTOS/tasks.o
                0x08003948                xTaskResumeAll
 .text.xTaskGetTickCount
                0x08003a84       0x20 ./FreeRTOS/tasks.o
                0x08003a84                xTaskGetTickCount
 .text.xTaskIncrementTick
                0x08003aa4      0x174 ./FreeRTOS/tasks.o
                0x08003aa4                xTaskIncrementTick
 .text.vTaskSwitchContext
                0x08003c18       0xb8 ./FreeRTOS/tasks.o
                0x08003c18                vTaskSwitchContext
 .text.vTaskPlaceOnEventList
                0x08003cd0       0x4c ./FreeRTOS/tasks.o
                0x08003cd0                vTaskPlaceOnEventList
 .text.vTaskPlaceOnEventListRestricted
                0x08003d1c       0x58 ./FreeRTOS/tasks.o
                0x08003d1c                vTaskPlaceOnEventListRestricted
 .text.xTaskRemoveFromEventList
                0x08003d74       0xc8 ./FreeRTOS/tasks.o
                0x08003d74                xTaskRemoveFromEventList
 .text.vTaskInternalSetTimeOutState
                0x08003e3c       0x2c ./FreeRTOS/tasks.o
                0x08003e3c                vTaskInternalSetTimeOutState
 .text.xTaskCheckForTimeOut
                0x08003e68       0xc8 ./FreeRTOS/tasks.o
                0x08003e68                xTaskCheckForTimeOut
 .text.vTaskMissedYield
                0x08003f30       0x18 ./FreeRTOS/tasks.o
                0x08003f30                vTaskMissedYield
 .text.prvIdleTask
                0x08003f48       0x30 ./FreeRTOS/tasks.o
 .text.prvInitialiseTaskLists
                0x08003f78       0x80 ./FreeRTOS/tasks.o
 .text.prvCheckTasksWaitingTermination
                0x08003ff8       0x5c ./FreeRTOS/tasks.o
 .text.prvDeleteTCB
                0x08004054       0x20 ./FreeRTOS/tasks.o
 .text.prvResetNextTaskUnblockTime
                0x08004074       0x40 ./FreeRTOS/tasks.o
 .text.xTaskGetSchedulerState
                0x080040b4       0x3c ./FreeRTOS/tasks.o
                0x080040b4                xTaskGetSchedulerState
 .text.xTaskPriorityDisinherit
                0x080040f0      0x110 ./FreeRTOS/tasks.o
                0x080040f0                xTaskPriorityDisinherit
 .text.prvAddCurrentTaskToDelayedList
                0x08004200       0xcc ./FreeRTOS/tasks.o
 .text.vPadding
                0x080042cc       0x44 ./FreeRTOS/tasks.o
                0x080042cc                vPadding
 .text.vPrintTCB
                0x08004310      0x2f8 ./FreeRTOS/tasks.o
                0x08004310                vPrintTCB
 .text.Taskmonitor
                0x08004608      0x190 ./FreeRTOS/tasks.o
                0x08004608                Taskmonitor
 .text.xTimerCreateTimerTask
                0x08004798       0x68 ./FreeRTOS/timers.o
                0x08004798                xTimerCreateTimerTask
 .text.xTimerGenericCommand
                0x08004800       0x9c ./FreeRTOS/timers.o
                0x08004800                xTimerGenericCommand
 .text.prvProcessExpiredTimer
                0x0800489c       0x9c ./FreeRTOS/timers.o
 .text.prvTimerTask
                0x08004938       0x26 ./FreeRTOS/timers.o
 *fill*         0x0800495e        0x2 
 .text.prvProcessTimerOrBlockTask
                0x08004960       0x9c ./FreeRTOS/timers.o
 .text.prvGetNextExpireTime
                0x080049fc       0x48 ./FreeRTOS/timers.o
 .text.prvSampleTimeNow
                0x08004a44       0x40 ./FreeRTOS/timers.o
 .text.prvInsertTimerInActiveList
                0x08004a84       0x84 ./FreeRTOS/timers.o
 .text.prvProcessReceivedCommands
                0x08004b08      0x194 ./FreeRTOS/timers.o
 .text.prvSwitchTimerLists
                0x08004c9c       0xcc ./FreeRTOS/timers.o
 .text.prvCheckForValidListAndQueue
                0x08004d68       0x6c ./FreeRTOS/timers.o
 .text.pxPortInitialiseStack
                0x08004dd4       0x68 ./FreeRTOS/portable/ARM_CM4F/port.o
                0x08004dd4                pxPortInitialiseStack
 .text.prvTaskExitError
                0x08004e3c       0x5c ./FreeRTOS/portable/ARM_CM4F/port.o
 *fill*         0x08004e98        0x8 
 .text.SVC_Handler
                0x08004ea0       0x28 ./FreeRTOS/portable/ARM_CM4F/port.o
                0x08004ea0                SVC_Handler
 .text.prvPortStartFirstTask
                0x08004ec8       0x28 ./FreeRTOS/portable/ARM_CM4F/port.o
 .text.xPortStartScheduler
                0x08004ef0      0x16c ./FreeRTOS/portable/ARM_CM4F/port.o
                0x08004ef0                xPortStartScheduler
 .text.vPortEnterCritical
                0x0800505c       0x64 ./FreeRTOS/portable/ARM_CM4F/port.o
                0x0800505c                vPortEnterCritical
 .text.vPortExitCritical
                0x080050c0       0x54 ./FreeRTOS/portable/ARM_CM4F/port.o
                0x080050c0                vPortExitCritical
 *fill*         0x08005114        0xc 
 .text.PendSV_Handler
                0x08005120       0x68 ./FreeRTOS/portable/ARM_CM4F/port.o
                0x08005120                PendSV_Handler
 .text.SysTick_Handler
                0x08005188       0x44 ./FreeRTOS/portable/ARM_CM4F/port.o
                0x08005188                SysTick_Handler
 .text.vPortSetupTimerInterrupt
                0x080051cc       0x48 ./FreeRTOS/portable/ARM_CM4F/port.o
                0x080051cc                vPortSetupTimerInterrupt
 .text.vPortEnableVFP
                0x08005214       0x14 ./FreeRTOS/portable/ARM_CM4F/port.o
 .text.vPortValidateInterruptPriority
                0x08005228       0x84 ./FreeRTOS/portable/ARM_CM4F/port.o
                0x08005228                vPortValidateInterruptPriority
 .text.pvPortMalloc
                0x080052ac      0x190 ./FreeRTOS/portable/MemMang/heap_4.o
                0x080052ac                pvPortMalloc
 .text.vPortFree
                0x0800543c       0xb8 ./FreeRTOS/portable/MemMang/heap_4.o
                0x0800543c                vPortFree
 .text.prvHeapInit
                0x080054f4       0xc4 ./FreeRTOS/portable/MemMang/heap_4.o
 .text.prvInsertBlockIntoFreeList
                0x080055b8       0xb4 ./FreeRTOS/portable/MemMang/heap_4.o
 .text.__itoa   0x0800566c       0x30 C:/Users/User/Desktop/STM32/STM32CubeIDE_1.18.0/STM32CubeIDE/plugins/com.st.stm32cube.ide.mcu.externaltools.gnu-tools-for-stm32.13.3.rel1.win32_1.0.0.202411081344/tools/bin/../lib/gcc/arm-none-eabi/13.3.1/../../../../arm-none-eabi/lib/thumb/v7e-m+fp/hard\libc_nano.a(libc_a-itoa.o)
                0x0800566c                __itoa
 .text.itoa     0x0800569c        0x4 C:/Users/User/Desktop/STM32/STM32CubeIDE_1.18.0/STM32CubeIDE/plugins/com.st.stm32cube.ide.mcu.externaltools.gnu-tools-for-stm32.13.3.rel1.win32_1.0.0.202411081344/tools/bin/../lib/gcc/arm-none-eabi/13.3.1/../../../../arm-none-eabi/lib/thumb/v7e-m+fp/hard\libc_nano.a(libc_a-itoa.o)
                0x0800569c                itoa
 .text.__utoa   0x080056a0       0x84 C:/Users/User/Desktop/STM32/STM32CubeIDE_1.18.0/STM32CubeIDE/plugins/com.st.stm32cube.ide.mcu.externaltools.gnu-tools-for-stm32.13.3.rel1.win32_1.0.0.202411081344/tools/bin/../lib/gcc/arm-none-eabi/13.3.1/../../../../arm-none-eabi/lib/thumb/v7e-m+fp/hard\libc_nano.a(libc_a-utoa.o)
                0x080056a0                __utoa
 .text.sprintf  0x08005724       0x44 C:/Users/User/Desktop/STM32/STM32CubeIDE_1.18.0/STM32CubeIDE/plugins/com.st.stm32cube.ide.mcu.externaltools.gnu-tools-for-stm32.13.3.rel1.win32_1.0.0.202411081344/tools/bin/../lib/gcc/arm-none-eabi/13.3.1/../../../../arm-none-eabi/lib/thumb/v7e-m+fp/hard\libc_nano.a(libc_a-sprintf.o)
                0x08005724                siprintf
                0x08005724                sprintf
 .text.memset   0x08005768       0x10 C:/Users/User/Desktop/STM32/STM32CubeIDE_1.18.0/STM32CubeIDE/plugins/com.st.stm32cube.ide.mcu.externaltools.gnu-tools-for-stm32.13.3.rel1.win32_1.0.0.202411081344/tools/bin/../lib/gcc/arm-none-eabi/13.3.1/../../../../arm-none-eabi/lib/thumb/v7e-m+fp/hard\libc_nano.a(libc_a-memset.o)
                0x08005768                memset
 .text.strcat   0x08005778       0x1e C:/Users/User/Desktop/STM32/STM32CubeIDE_1.18.0/STM32CubeIDE/plugins/com.st.stm32cube.ide.mcu.externaltools.gnu-tools-for-stm32.13.3.rel1.win32_1.0.0.202411081344/tools/bin/../lib/gcc/arm-none-eabi/13.3.1/../../../../arm-none-eabi/lib/thumb/v7e-m+fp/hard\libc_nano.a(libc_a-strcat.o)
                0x08005778                strcat
 *fill*         0x08005796        0x2 
 .text.__errno  0x08005798        0xc C:/Users/User/Desktop/STM32/STM32CubeIDE_1.18.0/STM32CubeIDE/plugins/com.st.stm32cube.ide.mcu.externaltools.gnu-tools-for-stm32.13.3.rel1.win32_1.0.0.202411081344/tools/bin/../lib/gcc/arm-none-eabi/13.3.1/../../../../arm-none-eabi/lib/thumb/v7e-m+fp/hard\libc_nano.a(libc_a-errno.o)
                0x08005798                __errno
 .text.__libc_init_array
                0x080057a4       0x48 C:/Users/User/Desktop/STM32/STM32CubeIDE_1.18.0/STM32CubeIDE/plugins/com.st.stm32cube.ide.mcu.externaltools.gnu-tools-for-stm32.13.3.rel1.win32_1.0.0.202411081344/tools/bin/../lib/gcc/arm-none-eabi/13.3.1/../../../../arm-none-eabi/lib/thumb/v7e-m+fp/hard\libc_nano.a(libc_a-init.o)
                0x080057a4                __libc_init_array
 .text.__retarget_lock_acquire_recursive
                0x080057ec        0x2 C:/Users/User/Desktop/STM32/STM32CubeIDE_1.18.0/STM32CubeIDE/plugins/com.st.stm32cube.ide.mcu.externaltools.gnu-tools-for-stm32.13.3.rel1.win32_1.0.0.202411081344/tools/bin/../lib/gcc/arm-none-eabi/13.3.1/../../../../arm-none-eabi/lib/thumb/v7e-m+fp/hard\libc_nano.a(libc_a-lock.o)
                0x080057ec                __retarget_lock_acquire_recursive
 .text.__retarget_lock_release_recursive
                0x080057ee        0x2 C:/Users/User/Desktop/STM32/STM32CubeIDE_1.18.0/STM32CubeIDE/plugins/com.st.stm32cube.ide.mcu.externaltools.gnu-tools-for-stm32.13.3.rel1.win32_1.0.0.202411081344/tools/bin/../lib/gcc/arm-none-eabi/13.3.1/../../../../arm-none-eabi/lib/thumb/v7e-m+fp/hard\libc_nano.a(libc_a-lock.o)
                0x080057ee                __retarget_lock_release_recursive
 .text.strcpy   0x080057f0       0x10 C:/Users/User/Desktop/STM32/STM32CubeIDE_1.18.0/STM32CubeIDE/plugins/com.st.stm32cube.ide.mcu.externaltools.gnu-tools-for-stm32.13.3.rel1.win32_1.0.0.202411081344/tools/bin/../lib/gcc/arm-none-eabi/13.3.1/../../../../arm-none-eabi/lib/thumb/v7e-m+fp/hard\libc_nano.a(libc_a-strcpy.o)
                0x080057f0                strcpy
 .text.memcpy   0x08005800       0x1c C:/Users/User/Desktop/STM32/STM32CubeIDE_1.18.0/STM32CubeIDE/plugins/com.st.stm32cube.ide.mcu.externaltools.gnu-tools-for-stm32.13.3.rel1.win32_1.0.0.202411081344/tools/bin/../lib/gcc/arm-none-eabi/13.3.1/../../../../arm-none-eabi/lib/thumb/v7e-m+fp/hard\libc_nano.a(libc_a-memcpy-stub.o)
                0x08005800                memcpy
 .text._free_r  0x0800581c       0x94 C:/Users/User/Desktop/STM32/STM32CubeIDE_1.18.0/STM32CubeIDE/plugins/com.st.stm32cube.ide.mcu.externaltools.gnu-tools-for-stm32.13.3.rel1.win32_1.0.0.202411081344/tools/bin/../lib/gcc/arm-none-eabi/13.3.1/../../../../arm-none-eabi/lib/thumb/v7e-m+fp/hard\libc_nano.a(libc_a-freer.o)
                0x0800581c                _free_r
 .text.sbrk_aligned
                0x080058b0       0x44 C:/Users/User/Desktop/STM32/STM32CubeIDE_1.18.0/STM32CubeIDE/plugins/com.st.stm32cube.ide.mcu.externaltools.gnu-tools-for-stm32.13.3.rel1.win32_1.0.0.202411081344/tools/bin/../lib/gcc/arm-none-eabi/13.3.1/../../../../arm-none-eabi/lib/thumb/v7e-m+fp/hard\libc_nano.a(libc_a-mallocr.o)
 .text._malloc_r
                0x080058f4      0x100 C:/Users/User/Desktop/STM32/STM32CubeIDE_1.18.0/STM32CubeIDE/plugins/com.st.stm32cube.ide.mcu.externaltools.gnu-tools-for-stm32.13.3.rel1.win32_1.0.0.202411081344/tools/bin/../lib/gcc/arm-none-eabi/13.3.1/../../../../arm-none-eabi/lib/thumb/v7e-m+fp/hard\libc_nano.a(libc_a-mallocr.o)
                0x080058f4                _malloc_r
 .text.__malloc_lock
                0x080059f4        0xc C:/Users/User/Desktop/STM32/STM32CubeIDE_1.18.0/STM32CubeIDE/plugins/com.st.stm32cube.ide.mcu.externaltools.gnu-tools-for-stm32.13.3.rel1.win32_1.0.0.202411081344/tools/bin/../lib/gcc/arm-none-eabi/13.3.1/../../../../arm-none-eabi/lib/thumb/v7e-m+fp/hard\libc_nano.a(libc_a-mlock.o)
                0x080059f4                __malloc_lock
 .text.__malloc_unlock
                0x08005a00        0xc C:/Users/User/Desktop/STM32/STM32CubeIDE_1.18.0/STM32CubeIDE/plugins/com.st.stm32cube.ide.mcu.externaltools.gnu-tools-for-stm32.13.3.rel1.win32_1.0.0.202411081344/tools/bin/../lib/gcc/arm-none-eabi/13.3.1/../../../../arm-none-eabi/lib/thumb/v7e-m+fp/hard\libc_nano.a(libc_a-mlock.o)
                0x08005a00                __malloc_unlock
 .text.__ssputs_r
                0x08005a0c       0xb6 C:/Users/User/Desktop/STM32/STM32CubeIDE_1.18.0/STM32CubeIDE/plugins/com.st.stm32cube.ide.mcu.externaltools.gnu-tools-for-stm32.13.3.rel1.win32_1.0.0.202411081344/tools/bin/../lib/gcc/arm-none-eabi/13.3.1/../../../../arm-none-eabi/lib/thumb/v7e-m+fp/hard\libc_nano.a(libc_a-nano-svfprintf.o)
                0x08005a0c                __ssputs_r
 *fill*         0x08005ac2        0x2 
 .text._svfprintf_r
                0x08005ac4      0x1f8 C:/Users/User/Desktop/STM32/STM32CubeIDE_1.18.0/STM32CubeIDE/plugins/com.st.stm32cube.ide.mcu.externaltools.gnu-tools-for-stm32.13.3.rel1.win32_1.0.0.202411081344/tools/bin/../lib/gcc/arm-none-eabi/13.3.1/../../../../arm-none-eabi/lib/thumb/v7e-m+fp/hard\libc_nano.a(libc_a-nano-svfprintf.o)
                0x08005ac4                _svfiprintf_r
                0x08005ac4                _svfprintf_r
 .text._printf_common
                0x08005cbc       0xda C:/Users/User/Desktop/STM32/STM32CubeIDE_1.18.0/STM32CubeIDE/plugins/com.st.stm32cube.ide.mcu.externaltools.gnu-tools-for-stm32.13.3.rel1.win32_1.0.0.202411081344/tools/bin/../lib/gcc/arm-none-eabi/13.3.1/../../../../arm-none-eabi/lib/thumb/v7e-m+fp/hard\libc_nano.a(libc_a-nano-vfprintf_i.o)
                0x08005cbc                _printf_common
 *fill*         0x08005d96        0x2 
 .text._printf_i
                0x08005d98      0x23c C:/Users/User/Desktop/STM32/STM32CubeIDE_1.18.0/STM32CubeIDE/plugins/com.st.stm32cube.ide.mcu.externaltools.gnu-tools-for-stm32.13.3.rel1.win32_1.0.0.202411081344/tools/bin/../lib/gcc/arm-none-eabi/13.3.1/../../../../arm-none-eabi/lib/thumb/v7e-m+fp/hard\libc_nano.a(libc_a-nano-vfprintf_i.o)
                0x08005d98                _printf_i
 .text.memmove  0x08005fd4       0x34 C:/Users/User/Desktop/STM32/STM32CubeIDE_1.18.0/STM32CubeIDE/plugins/com.st.stm32cube.ide.mcu.externaltools.gnu-tools-for-stm32.13.3.rel1.win32_1.0.0.202411081344/tools/bin/../lib/gcc/arm-none-eabi/13.3.1/../../../../arm-none-eabi/lib/thumb/v7e-m+fp/hard\libc_nano.a(libc_a-memmove.o)
                0x08005fd4                memmove
 .text._sbrk_r  0x08006008       0x20 C:/Users/User/Desktop/STM32/STM32CubeIDE_1.18.0/STM32CubeIDE/plugins/com.st.stm32cube.ide.mcu.externaltools.gnu-tools-for-stm32.13.3.rel1.win32_1.0.0.202411081344/tools/bin/../lib/gcc/arm-none-eabi/13.3.1/../../../../arm-none-eabi/lib/thumb/v7e-m+fp/hard\libc_nano.a(libc_a-sbrkr.o)
                0x08006008                _sbrk_r
 .text._realloc_r
                0x08006028       0x5c C:/Users/User/Desktop/STM32/STM32CubeIDE_1.18.0/STM32CubeIDE/plugins/com.st.stm32cube.ide.mcu.externaltools.gnu-tools-for-stm32.13.3.rel1.win32_1.0.0.202411081344/tools/bin/../lib/gcc/arm-none-eabi/13.3.1/../../../../arm-none-eabi/lib/thumb/v7e-m+fp/hard\libc_nano.a(libc_a-reallocr.o)
                0x08006028                _realloc_r
 .text._malloc_usable_size_r
                0x08006084       0x10 C:/Users/User/Desktop/STM32/STM32CubeIDE_1.18.0/STM32CubeIDE/plugins/com.st.stm32cube.ide.mcu.externaltools.gnu-tools-for-stm32.13.3.rel1.win32_1.0.0.202411081344/tools/bin/../lib/gcc/arm-none-eabi/13.3.1/../../../../arm-none-eabi/lib/thumb/v7e-m+fp/hard\libc_nano.a(libc_a-msizer.o)
                0x08006084                _malloc_usable_size_r
 *(.glue_7)
 .glue_7        0x08006094        0x0 linker stubs
 *(.glue_7t)
 .glue_7t       0x08006094        0x0 linker stubs
 *(.eh_frame)
 .eh_frame      0x08006094        0x0 C:/Users/User/Desktop/STM32/STM32CubeIDE_1.18.0/STM32CubeIDE/plugins/com.st.stm32cube.ide.mcu.externaltools.gnu-tools-for-stm32.13.3.rel1.win32_1.0.0.202411081344/tools/bin/../lib/gcc/arm-none-eabi/13.3.1/thumb/v7e-m+fp/hard/crtbegin.o
 *(.init)
 .init          0x08006094        0x4 C:/Users/User/Desktop/STM32/STM32CubeIDE_1.18.0/STM32CubeIDE/plugins/com.st.stm32cube.ide.mcu.externaltools.gnu-tools-for-stm32.13.3.rel1.win32_1.0.0.202411081344/tools/bin/../lib/gcc/arm-none-eabi/13.3.1/thumb/v7e-m+fp/hard/crti.o
                0x08006094                _init
 .init          0x08006098        0x8 C:/Users/User/Desktop/STM32/STM32CubeIDE_1.18.0/STM32CubeIDE/plugins/com.st.stm32cube.ide.mcu.externaltools.gnu-tools-for-stm32.13.3.rel1.win32_1.0.0.202411081344/tools/bin/../lib/gcc/arm-none-eabi/13.3.1/thumb/v7e-m+fp/hard/crtn.o
 *(.fini)
 .fini          0x080060a0        0x4 C:/Users/User/Desktop/STM32/STM32CubeIDE_1.18.0/STM32CubeIDE/plugins/com.st.stm32cube.ide.mcu.externaltools.gnu-tools-for-stm32.13.3.rel1.win32_1.0.0.202411081344/tools/bin/../lib/gcc/arm-none-eabi/13.3.1/thumb/v7e-m+fp/hard/crti.o
                0x080060a0                _fini
 .fini          0x080060a4        0x8 C:/Users/User/Desktop/STM32/STM32CubeIDE_1.18.0/STM32CubeIDE/plugins/com.st.stm32cube.ide.mcu.externaltools.gnu-tools-for-stm32.13.3.rel1.win32_1.0.0.202411081344/tools/bin/../lib/gcc/arm-none-eabi/13.3.1/thumb/v7e-m+fp/hard/crtn.o
                0x080060ac                        . = ALIGN (0x4)
                0x080060ac                        _etext = .

.vfp11_veneer   0x080060ac        0x0
 .vfp11_veneer  0x080060ac        0x0 linker stubs

.v4_bx          0x080060ac        0x0
 .v4_bx         0x080060ac        0x0 linker stubs

.iplt           0x080060ac        0x0
 .iplt          0x080060ac        0x0 C:/Users/User/Desktop/STM32/STM32CubeIDE_1.18.0/STM32CubeIDE/plugins/com.st.stm32cube.ide.mcu.externaltools.gnu-tools-for-stm32.13.3.rel1.win32_1.0.0.202411081344/tools/bin/../lib/gcc/arm-none-eabi/13.3.1/thumb/v7e-m+fp/hard/crtbegin.o

.rodata         0x080060ac      0x12c
                0x080060ac                        . = ALIGN (0x4)
 *(.rodata)
 .rodata        0x080060ac       0x28 ./Core/Src/main.o
 .rodata        0x080060d4       0x81 ./FreeRTOS/tasks.o
 *fill*         0x08006155        0x3 
 .rodata        0x08006158        0xd ./FreeRTOS/timers.o
 *(.rodata*)
 *fill*         0x08006165        0x3 
 .rodata.AHBPrescTable
                0x08006168       0x10 ./Core/Src/system_stm32f4xx.o
                0x08006168                AHBPrescTable
 .rodata.APBPrescTable
                0x08006178        0x8 ./Core/Src/system_stm32f4xx.o
                0x08006178                APBPrescTable
 .rodata.__utoa.str1.1
                0x08006180       0x58 C:/Users/User/Desktop/STM32/STM32CubeIDE_1.18.0/STM32CubeIDE/plugins/com.st.stm32cube.ide.mcu.externaltools.gnu-tools-for-stm32.13.3.rel1.win32_1.0.0.202411081344/tools/bin/../lib/gcc/arm-none-eabi/13.3.1/../../../../arm-none-eabi/lib/thumb/v7e-m+fp/hard\libc_nano.a(libc_a-utoa.o)
                                 0x25 (size before relaxing)
 .rodata._svfprintf_r.str1.1
                0x080061d8       0x11 C:/Users/User/Desktop/STM32/STM32CubeIDE_1.18.0/STM32CubeIDE/plugins/com.st.stm32cube.ide.mcu.externaltools.gnu-tools-for-stm32.13.3.rel1.win32_1.0.0.202411081344/tools/bin/../lib/gcc/arm-none-eabi/13.3.1/../../../../arm-none-eabi/lib/thumb/v7e-m+fp/hard\libc_nano.a(libc_a-nano-svfprintf.o)
 .rodata._printf_i.str1.1
                0x080061d8       0x22 C:/Users/User/Desktop/STM32/STM32CubeIDE_1.18.0/STM32CubeIDE/plugins/com.st.stm32cube.ide.mcu.externaltools.gnu-tools-for-stm32.13.3.rel1.win32_1.0.0.202411081344/tools/bin/../lib/gcc/arm-none-eabi/13.3.1/../../../../arm-none-eabi/lib/thumb/v7e-m+fp/hard\libc_nano.a(libc_a-nano-vfprintf_i.o)
                0x080061fc                        . = ALIGN (0x4)

.ARM.extab      0x080061d8        0x0
                0x080061d8                        . = ALIGN (0x4)
 *(.ARM.extab* .gnu.linkonce.armextab.*)
                0x080061d8                        . = ALIGN (0x4)

.ARM            0x080061d8        0x8
                0x080061d8                        . = ALIGN (0x4)
                0x080061d8                        __exidx_start = .
 *(.ARM.exidx*)
 .ARM.exidx     0x080061d8        0x8 C:/Users/User/Desktop/STM32/STM32CubeIDE_1.18.0/STM32CubeIDE/plugins/com.st.stm32cube.ide.mcu.externaltools.gnu-tools-for-stm32.13.3.rel1.win32_1.0.0.202411081344/tools/bin/../lib/gcc/arm-none-eabi/13.3.1/../../../../arm-none-eabi/lib/thumb/v7e-m+fp/hard\libc_nano.a(libc_a-strlen.o)
 .ARM.exidx     0x080061e0        0x0 C:/Users/User/Desktop/STM32/STM32CubeIDE_1.18.0/STM32CubeIDE/plugins/com.st.stm32cube.ide.mcu.externaltools.gnu-tools-for-stm32.13.3.rel1.win32_1.0.0.202411081344/tools/bin/../lib/gcc/arm-none-eabi/13.3.1/../../../../arm-none-eabi/lib/thumb/v7e-m+fp/hard\libc_nano.a(libc_a-memchr.o)
                                  0x8 (size before relaxing)
 .ARM.exidx     0x080061e0        0x0 C:/Users/User/Desktop/STM32/STM32CubeIDE_1.18.0/STM32CubeIDE/plugins/com.st.stm32cube.ide.mcu.externaltools.gnu-tools-for-stm32.13.3.rel1.win32_1.0.0.202411081344/tools/bin/../lib/gcc/arm-none-eabi/13.3.1/thumb/v7e-m+fp/hard\libgcc.a(_udivmoddi4.o)
                                  0x8 (size before relaxing)
                0x080061e0                        __exidx_end = .
                0x080061e0                        . = ALIGN (0x4)

.preinit_array  0x080061e0        0x0
                0x080061e0                        . = ALIGN (0x4)
                0x080061e0                        PROVIDE (__preinit_array_start = .)
 *(.preinit_array*)
                0x080061e0                        PROVIDE (__preinit_array_end = .)
                0x080061e0                        . = ALIGN (0x4)

.init_array     0x080061e0        0x4
                0x080061e0                        . = ALIGN (0x4)
                0x080061e0                        PROVIDE (__init_array_start = .)
 *(SORT_BY_NAME(.init_array.*))
 *(.init_array*)
 .init_array    0x080061e0        0x4 C:/Users/User/Desktop/STM32/STM32CubeIDE_1.18.0/STM32CubeIDE/plugins/com.st.stm32cube.ide.mcu.externaltools.gnu-tools-for-stm32.13.3.rel1.win32_1.0.0.202411081344/tools/bin/../lib/gcc/arm-none-eabi/13.3.1/thumb/v7e-m+fp/hard/crtbegin.o
                0x080061e4                        PROVIDE (__init_array_end = .)
                0x080061e4                        . = ALIGN (0x4)

.fini_array     0x080061e4        0x4
                0x080061e4                        . = ALIGN (0x4)
                [!provide]                        PROVIDE (__fini_array_start = .)
 *(SORT_BY_NAME(.fini_array.*))
 *(.fini_array*)
 .fini_array    0x080061e4        0x4 C:/Users/User/Desktop/STM32/STM32CubeIDE_1.18.0/STM32CubeIDE/plugins/com.st.stm32cube.ide.mcu.externaltools.gnu-tools-for-stm32.13.3.rel1.win32_1.0.0.202411081344/tools/bin/../lib/gcc/arm-none-eabi/13.3.1/thumb/v7e-m+fp/hard/crtbegin.o
                [!provide]                        PROVIDE (__fini_array_end = .)
                0x080061e8                        . = ALIGN (0x4)
                0x080061e8                        _sidata = LOADADDR (.data)

.rel.dyn        0x080061e8        0x0
 .rel.iplt      0x080061e8        0x0 C:/Users/User/Desktop/STM32/STM32CubeIDE_1.18.0/STM32CubeIDE/plugins/com.st.stm32cube.ide.mcu.externaltools.gnu-tools-for-stm32.13.3.rel1.win32_1.0.0.202411081344/tools/bin/../lib/gcc/arm-none-eabi/13.3.1/thumb/v7e-m+fp/hard/crtbegin.o

.data           0x20000000       0x60 load address 0x080061e8
                0x20000000                        . = ALIGN (0x4)
                0x20000000                        _sdata = .
 *(.data)
 *(.data*)
 .data.SystemCoreClock
                0x20000000        0x4 ./Core/Src/system_stm32f4xx.o
                0x20000000                SystemCoreClock
 .data.uwTickPrio
                0x20000004        0x4 ./Drivers/STM32F4xx_HAL_Driver/Src/stm32f4xx_hal.o
                0x20000004                uwTickPrio
 .data.uwTickFreq
                0x20000008        0x1 ./Drivers/STM32F4xx_HAL_Driver/Src/stm32f4xx_hal.o
                0x20000008                uwTickFreq
 *fill*         0x20000009        0x3 
 .data.uxCriticalNesting
                0x2000000c        0x4 ./FreeRTOS/portable/ARM_CM4F/port.o
 .data._impure_ptr
                0x20000010        0x4 C:/Users/User/Desktop/STM32/STM32CubeIDE_1.18.0/STM32CubeIDE/plugins/com.st.stm32cube.ide.mcu.externaltools.gnu-tools-for-stm32.13.3.rel1.win32_1.0.0.202411081344/tools/bin/../lib/gcc/arm-none-eabi/13.3.1/../../../../arm-none-eabi/lib/thumb/v7e-m+fp/hard\libc_nano.a(libc_a-impure.o)
                0x20000010                _impure_ptr
 .data._impure_data
                0x20000014       0x4c C:/Users/User/Desktop/STM32/STM32CubeIDE_1.18.0/STM32CubeIDE/plugins/com.st.stm32cube.ide.mcu.externaltools.gnu-tools-for-stm32.13.3.rel1.win32_1.0.0.202411081344/tools/bin/../lib/gcc/arm-none-eabi/13.3.1/../../../../arm-none-eabi/lib/thumb/v7e-m+fp/hard\libc_nano.a(libc_a-impure.o)
                0x20000014                _impure_data
 *(.RamFunc)
 *(.RamFunc*)
                0x20000060                        . = ALIGN (0x4)
                0x20000060                        _edata = .
                0x08006248                        _siccmram = LOADADDR (.ccmram)

.igot.plt       0x20000060        0x0 load address 0x08006248
 .igot.plt      0x20000060        0x0 C:/Users/User/Desktop/STM32/STM32CubeIDE_1.18.0/STM32CubeIDE/plugins/com.st.stm32cube.ide.mcu.externaltools.gnu-tools-for-stm32.13.3.rel1.win32_1.0.0.202411081344/tools/bin/../lib/gcc/arm-none-eabi/13.3.1/thumb/v7e-m+fp/hard/crtbegin.o

.ccmram         0x10000000        0x0 load address 0x08006248
                0x10000000                        . = ALIGN (0x4)
                0x10000000                        _sccmram = .
 *(.ccmram)
 *(.ccmram*)
                0x10000000                        . = ALIGN (0x4)
                0x10000000                        _eccmram = .
                0x10000000                        . = ALIGN (0x4)

.bss            0x20000060    0x13064
                0x20000060                        _sbss = .
                0x20000060                        __bss_start__ = _sbss
 *(.bss)
 .bss           0x20000060       0x1c C:/Users/User/Desktop/STM32/STM32CubeIDE_1.18.0/STM32CubeIDE/plugins/com.st.stm32cube.ide.mcu.externaltools.gnu-tools-for-stm32.13.3.rel1.win32_1.0.0.202411081344/tools/bin/../lib/gcc/arm-none-eabi/13.3.1/thumb/v7e-m+fp/hard/crtbegin.o
 *(.bss*)
 .bss.huart2    0x2000007c       0x48 ./Core/Src/main.o
                0x2000007c                huart2
 .bss.htim7     0x200000c4       0x48 ./Core/Src/stm32f4xx_hal_timebase_tim.o
                0x200000c4                htim7
 .bss.__sbrk_heap_end
                0x2000010c        0x4 ./Core/Src/sysmem.o
 .bss.uwTick    0x20000110        0x4 ./Drivers/STM32F4xx_HAL_Driver/Src/stm32f4xx_hal.o
                0x20000110                uwTick
 .bss.xQueueRegistry
                0x20000114       0x40 ./FreeRTOS/queue.o
                0x20000114                xQueueRegistry
 .bss.pxCurrentTCB
                0x20000154        0x4 ./FreeRTOS/tasks.o
                0x20000154                pxCurrentTCB
 .bss.pxReadyTasksLists
                0x20000158      0x12c ./FreeRTOS/tasks.o
 .bss.xDelayedTaskList1
                0x20000284       0x14 ./FreeRTOS/tasks.o
 .bss.xDelayedTaskList2
                0x20000298       0x14 ./FreeRTOS/tasks.o
 .bss.pxDelayedTaskList
                0x200002ac        0x4 ./FreeRTOS/tasks.o
 .bss.pxOverflowDelayedTaskList
                0x200002b0        0x4 ./FreeRTOS/tasks.o
 .bss.xPendingReadyList
                0x200002b4       0x14 ./FreeRTOS/tasks.o
 .bss.xTasksWaitingTermination
                0x200002c8       0x14 ./FreeRTOS/tasks.o
 .bss.uxDeletedTasksWaitingCleanUp
                0x200002dc        0x4 ./FreeRTOS/tasks.o
 .bss.xSuspendedTaskList
                0x200002e0       0x14 ./FreeRTOS/tasks.o
 .bss.uxCurrentNumberOfTasks
                0x200002f4        0x4 ./FreeRTOS/tasks.o
 .bss.xTickCount
                0x200002f8        0x4 ./FreeRTOS/tasks.o
 .bss.uxTopReadyPriority
                0x200002fc        0x4 ./FreeRTOS/tasks.o
 .bss.xSchedulerRunning
                0x20000300        0x4 ./FreeRTOS/tasks.o
 .bss.uxPendedTicks
                0x20000304        0x4 ./FreeRTOS/tasks.o
 .bss.xYieldPending
                0x20000308        0x4 ./FreeRTOS/tasks.o
 .bss.xNumOfOverflows
                0x2000030c        0x4 ./FreeRTOS/tasks.o
 .bss.uxTaskNumber
                0x20000310        0x4 ./FreeRTOS/tasks.o
 .bss.xNextTaskUnblockTime
                0x20000314        0x4 ./FreeRTOS/tasks.o
 .bss.xIdleTaskHandle
                0x20000318        0x4 ./FreeRTOS/tasks.o
 .bss.uxSchedulerSuspended
                0x2000031c        0x4 ./FreeRTOS/tasks.o
 .bss.xActiveTimerList1
                0x20000320       0x14 ./FreeRTOS/timers.o
 .bss.xActiveTimerList2
                0x20000334       0x14 ./FreeRTOS/timers.o
 .bss.pxCurrentTimerList
                0x20000348        0x4 ./FreeRTOS/timers.o
 .bss.pxOverflowTimerList
                0x2000034c        0x4 ./FreeRTOS/timers.o
 .bss.xTimerQueue
                0x20000350        0x4 ./FreeRTOS/timers.o
 .bss.xTimerTaskHandle
                0x20000354        0x4 ./FreeRTOS/timers.o
 .bss.xLastTime.0
                0x20000358        0x4 ./FreeRTOS/timers.o
 .bss.ucMaxSysCallPriority
                0x2000035c        0x1 ./FreeRTOS/portable/ARM_CM4F/port.o
 *fill*         0x2000035d        0x3 
 .bss.ulMaxPRIGROUPValue
                0x20000360        0x4 ./FreeRTOS/portable/ARM_CM4F/port.o
 .bss.ucHeap    0x20000364    0x12c00 ./FreeRTOS/portable/MemMang/heap_4.o
 .bss.xStart    0x20012f64        0x8 ./FreeRTOS/portable/MemMang/heap_4.o
 .bss.pxEnd     0x20012f6c        0x4 ./FreeRTOS/portable/MemMang/heap_4.o
 .bss.xFreeBytesRemaining
                0x20012f70        0x4 ./FreeRTOS/portable/MemMang/heap_4.o
 .bss.xMinimumEverFreeBytesRemaining
                0x20012f74        0x4 ./FreeRTOS/portable/MemMang/heap_4.o
 .bss.xBlockAllocatedBit
                0x20012f78        0x4 ./FreeRTOS/portable/MemMang/heap_4.o
 .bss.__sf      0x20012f7c      0x138 C:/Users/User/Desktop/STM32/STM32CubeIDE_1.18.0/STM32CubeIDE/plugins/com.st.stm32cube.ide.mcu.externaltools.gnu-tools-for-stm32.13.3.rel1.win32_1.0.0.202411081344/tools/bin/../lib/gcc/arm-none-eabi/13.3.1/../../../../arm-none-eabi/lib/thumb/v7e-m+fp/hard\libc_nano.a(libc_a-findfp.o)
                0x20012f7c                __sf
 .bss.errno     0x200130b4        0x4 C:/Users/User/Desktop/STM32/STM32CubeIDE_1.18.0/STM32CubeIDE/plugins/com.st.stm32cube.ide.mcu.externaltools.gnu-tools-for-stm32.13.3.rel1.win32_1.0.0.202411081344/tools/bin/../lib/gcc/arm-none-eabi/13.3.1/../../../../arm-none-eabi/lib/thumb/v7e-m+fp/hard\libc_nano.a(libc_a-reent.o)
                0x200130b4                errno
 .bss.__lock___malloc_recursive_mutex
                0x200130b8        0x1 C:/Users/User/Desktop/STM32/STM32CubeIDE_1.18.0/STM32CubeIDE/plugins/com.st.stm32cube.ide.mcu.externaltools.gnu-tools-for-stm32.13.3.rel1.win32_1.0.0.202411081344/tools/bin/../lib/gcc/arm-none-eabi/13.3.1/../../../../arm-none-eabi/lib/thumb/v7e-m+fp/hard\libc_nano.a(libc_a-lock.o)
                0x200130b8                __lock___malloc_recursive_mutex
 *fill*         0x200130b9        0x3 
 .bss.__malloc_sbrk_start
                0x200130bc        0x4 C:/Users/User/Desktop/STM32/STM32CubeIDE_1.18.0/STM32CubeIDE/plugins/com.st.stm32cube.ide.mcu.externaltools.gnu-tools-for-stm32.13.3.rel1.win32_1.0.0.202411081344/tools/bin/../lib/gcc/arm-none-eabi/13.3.1/../../../../arm-none-eabi/lib/thumb/v7e-m+fp/hard\libc_nano.a(libc_a-mallocr.o)
                0x200130bc                __malloc_sbrk_start
 .bss.__malloc_free_list
                0x200130c0        0x4 C:/Users/User/Desktop/STM32/STM32CubeIDE_1.18.0/STM32CubeIDE/plugins/com.st.stm32cube.ide.mcu.externaltools.gnu-tools-for-stm32.13.3.rel1.win32_1.0.0.202411081344/tools/bin/../lib/gcc/arm-none-eabi/13.3.1/../../../../arm-none-eabi/lib/thumb/v7e-m+fp/hard\libc_nano.a(libc_a-mallocr.o)
                0x200130c0                __malloc_free_list
 *(COMMON)
                0x200130c4                        . = ALIGN (0x4)
                0x200130c4                        _ebss = .
                0x200130c4                        __bss_end__ = _ebss

._user_heap_stack
                0x200130c4      0x604
                0x200130c8                        . = ALIGN (0x8)
 *fill*         0x200130c4        0x4 
                [!provide]                        PROVIDE (end = .)
                0x200130c8                        PROVIDE (_end = .)
                0x200132c8                        . = (. + _Min_Heap_Size)
 *fill*         0x200130c8      0x200 
                0x200136c8                        . = (. + _Min_Stack_Size)
 *fill*         0x200132c8      0x400 
                0x200136c8                        . = ALIGN (0x8)

/DISCARD/
 libc.a(*)
 libm.a(*)
 libgcc.a(*)

.ARM.attributes
                0x00000000       0x30
 *(.ARM.attributes)
 .ARM.attributes
                0x00000000       0x22 C:/Users/User/Desktop/STM32/STM32CubeIDE_1.18.0/STM32CubeIDE/plugins/com.st.stm32cube.ide.mcu.externaltools.gnu-tools-for-stm32.13.3.rel1.win32_1.0.0.202411081344/tools/bin/../lib/gcc/arm-none-eabi/13.3.1/thumb/v7e-m+fp/hard/crti.o
 .ARM.attributes
                0x00000022       0x34 C:/Users/User/Desktop/STM32/STM32CubeIDE_1.18.0/STM32CubeIDE/plugins/com.st.stm32cube.ide.mcu.externaltools.gnu-tools-for-stm32.13.3.rel1.win32_1.0.0.202411081344/tools/bin/../lib/gcc/arm-none-eabi/13.3.1/thumb/v7e-m+fp/hard/crtbegin.o
 .ARM.attributes
                0x00000056       0x34 ./Core/Src/main.o
 .ARM.attributes
                0x0000008a       0x34 ./Core/Src/stm32f4xx_hal_msp.o
 .ARM.attributes
                0x000000be       0x34 ./Core/Src/stm32f4xx_hal_timebase_tim.o
 .ARM.attributes
                0x000000f2       0x34 ./Core/Src/stm32f4xx_it.o
 .ARM.attributes
                0x00000126       0x34 ./Core/Src/sysmem.o
 .ARM.attributes
                0x0000015a       0x34 ./Core/Src/system_stm32f4xx.o
 .ARM.attributes
                0x0000018e       0x21 ./Core/Startup/startup_stm32f407vgtx.o
 .ARM.attributes
                0x000001af       0x34 ./Drivers/STM32F4xx_HAL_Driver/Src/stm32f4xx_hal.o
 .ARM.attributes
                0x000001e3       0x34 ./Drivers/STM32F4xx_HAL_Driver/Src/stm32f4xx_hal_cortex.o
 .ARM.attributes
                0x00000217       0x34 ./Drivers/STM32F4xx_HAL_Driver/Src/stm32f4xx_hal_gpio.o
 .ARM.attributes
                0x0000024b       0x34 ./Drivers/STM32F4xx_HAL_Driver/Src/stm32f4xx_hal_rcc.o
 .ARM.attributes
                0x0000027f       0x34 ./Drivers/STM32F4xx_HAL_Driver/Src/stm32f4xx_hal_tim.o
 .ARM.attributes
                0x000002b3       0x34 ./Drivers/STM32F4xx_HAL_Driver/Src/stm32f4xx_hal_tim_ex.o
 .ARM.attributes
                0x000002e7       0x34 ./Drivers/STM32F4xx_HAL_Driver/Src/stm32f4xx_hal_uart.o
 .ARM.attributes
                0x0000031b       0x34 ./FreeRTOS/list.o
 .ARM.attributes
                0x0000034f       0x34 ./FreeRTOS/queue.o
 .ARM.attributes
                0x00000383       0x34 ./FreeRTOS/tasks.o
 .ARM.attributes
                0x000003b7       0x34 ./FreeRTOS/timers.o
 .ARM.attributes
                0x000003eb       0x34 ./FreeRTOS/portable/ARM_CM4F/port.o
 .ARM.attributes
                0x0000041f       0x34 ./FreeRTOS/portable/MemMang/heap_4.o
 .ARM.attributes
                0x00000453       0x34 C:/Users/User/Desktop/STM32/STM32CubeIDE_1.18.0/STM32CubeIDE/plugins/com.st.stm32cube.ide.mcu.externaltools.gnu-tools-for-stm32.13.3.rel1.win32_1.0.0.202411081344/tools/bin/../lib/gcc/arm-none-eabi/13.3.1/../../../../arm-none-eabi/lib/thumb/v7e-m+fp/hard\libc_nano.a(libc_a-itoa.o)
 .ARM.attributes
                0x00000487       0x34 C:/Users/User/Desktop/STM32/STM32CubeIDE_1.18.0/STM32CubeIDE/plugins/com.st.stm32cube.ide.mcu.externaltools.gnu-tools-for-stm32.13.3.rel1.win32_1.0.0.202411081344/tools/bin/../lib/gcc/arm-none-eabi/13.3.1/../../../../arm-none-eabi/lib/thumb/v7e-m+fp/hard\libc_nano.a(libc_a-utoa.o)
 .ARM.attributes
                0x000004bb       0x34 C:/Users/User/Desktop/STM32/STM32CubeIDE_1.18.0/STM32CubeIDE/plugins/com.st.stm32cube.ide.mcu.externaltools.gnu-tools-for-stm32.13.3.rel1.win32_1.0.0.202411081344/tools/bin/../lib/gcc/arm-none-eabi/13.3.1/../../../../arm-none-eabi/lib/thumb/v7e-m+fp/hard\libc_nano.a(libc_a-findfp.o)
 .ARM.attributes
                0x000004ef       0x34 C:/Users/User/Desktop/STM32/STM32CubeIDE_1.18.0/STM32CubeIDE/plugins/com.st.stm32cube.ide.mcu.externaltools.gnu-tools-for-stm32.13.3.rel1.win32_1.0.0.202411081344/tools/bin/../lib/gcc/arm-none-eabi/13.3.1/../../../../arm-none-eabi/lib/thumb/v7e-m+fp/hard\libc_nano.a(libc_a-sprintf.o)
 .ARM.attributes
                0x00000523       0x34 C:/Users/User/Desktop/STM32/STM32CubeIDE_1.18.0/STM32CubeIDE/plugins/com.st.stm32cube.ide.mcu.externaltools.gnu-tools-for-stm32.13.3.rel1.win32_1.0.0.202411081344/tools/bin/../lib/gcc/arm-none-eabi/13.3.1/../../../../arm-none-eabi/lib/thumb/v7e-m+fp/hard\libc_nano.a(libc_a-memset.o)
 .ARM.attributes
                0x00000557       0x34 C:/Users/User/Desktop/STM32/STM32CubeIDE_1.18.0/STM32CubeIDE/plugins/com.st.stm32cube.ide.mcu.externaltools.gnu-tools-for-stm32.13.3.rel1.win32_1.0.0.202411081344/tools/bin/../lib/gcc/arm-none-eabi/13.3.1/../../../../arm-none-eabi/lib/thumb/v7e-m+fp/hard\libc_nano.a(libc_a-strcat.o)
 .ARM.attributes
                0x0000058b       0x34 C:/Users/User/Desktop/STM32/STM32CubeIDE_1.18.0/STM32CubeIDE/plugins/com.st.stm32cube.ide.mcu.externaltools.gnu-tools-for-stm32.13.3.rel1.win32_1.0.0.202411081344/tools/bin/../lib/gcc/arm-none-eabi/13.3.1/../../../../arm-none-eabi/lib/thumb/v7e-m+fp/hard\libc_nano.a(libc_a-reent.o)
 .ARM.attributes
                0x000005bf       0x34 C:/Users/User/Desktop/STM32/STM32CubeIDE_1.18.0/STM32CubeIDE/plugins/com.st.stm32cube.ide.mcu.externaltools.gnu-tools-for-stm32.13.3.rel1.win32_1.0.0.202411081344/tools/bin/../lib/gcc/arm-none-eabi/13.3.1/../../../../arm-none-eabi/lib/thumb/v7e-m+fp/hard\libc_nano.a(libc_a-impure.o)
 .ARM.attributes
                0x000005f3       0x34 C:/Users/User/Desktop/STM32/STM32CubeIDE_1.18.0/STM32CubeIDE/plugins/com.st.stm32cube.ide.mcu.externaltools.gnu-tools-for-stm32.13.3.rel1.win32_1.0.0.202411081344/tools/bin/../lib/gcc/arm-none-eabi/13.3.1/../../../../arm-none-eabi/lib/thumb/v7e-m+fp/hard\libc_nano.a(libc_a-errno.o)
 .ARM.attributes
                0x00000627       0x34 C:/Users/User/Desktop/STM32/STM32CubeIDE_1.18.0/STM32CubeIDE/plugins/com.st.stm32cube.ide.mcu.externaltools.gnu-tools-for-stm32.13.3.rel1.win32_1.0.0.202411081344/tools/bin/../lib/gcc/arm-none-eabi/13.3.1/../../../../arm-none-eabi/lib/thumb/v7e-m+fp/hard\libc_nano.a(libc_a-init.o)
 .ARM.attributes
                0x0000065b       0x34 C:/Users/User/Desktop/STM32/STM32CubeIDE_1.18.0/STM32CubeIDE/plugins/com.st.stm32cube.ide.mcu.externaltools.gnu-tools-for-stm32.13.3.rel1.win32_1.0.0.202411081344/tools/bin/../lib/gcc/arm-none-eabi/13.3.1/../../../../arm-none-eabi/lib/thumb/v7e-m+fp/hard\libc_nano.a(libc_a-lock.o)
 .ARM.attributes
                0x0000068f       0x34 C:/Users/User/Desktop/STM32/STM32CubeIDE_1.18.0/STM32CubeIDE/plugins/com.st.stm32cube.ide.mcu.externaltools.gnu-tools-for-stm32.13.3.rel1.win32_1.0.0.202411081344/tools/bin/../lib/gcc/arm-none-eabi/13.3.1/../../../../arm-none-eabi/lib/thumb/v7e-m+fp/hard\libc_nano.a(libc_a-strcpy.o)
 .ARM.attributes
                0x000006c3       0x34 C:/Users/User/Desktop/STM32/STM32CubeIDE_1.18.0/STM32CubeIDE/plugins/com.st.stm32cube.ide.mcu.externaltools.gnu-tools-for-stm32.13.3.rel1.win32_1.0.0.202411081344/tools/bin/../lib/gcc/arm-none-eabi/13.3.1/../../../../arm-none-eabi/lib/thumb/v7e-m+fp/hard\libc_nano.a(libc_a-memcpy-stub.o)
 .ARM.attributes
                0x000006f7       0x17 C:/Users/User/Desktop/STM32/STM32CubeIDE_1.18.0/STM32CubeIDE/plugins/com.st.stm32cube.ide.mcu.externaltools.gnu-tools-for-stm32.13.3.rel1.win32_1.0.0.202411081344/tools/bin/../lib/gcc/arm-none-eabi/13.3.1/../../../../arm-none-eabi/lib/thumb/v7e-m+fp/hard\libc_nano.a(libc_a-strlen.o)
 .ARM.attributes
                0x0000070e       0x34 C:/Users/User/Desktop/STM32/STM32CubeIDE_1.18.0/STM32CubeIDE/plugins/com.st.stm32cube.ide.mcu.externaltools.gnu-tools-for-stm32.13.3.rel1.win32_1.0.0.202411081344/tools/bin/../lib/gcc/arm-none-eabi/13.3.1/../../../../arm-none-eabi/lib/thumb/v7e-m+fp/hard\libc_nano.a(libc_a-freer.o)
 .ARM.attributes
                0x00000742       0x34 C:/Users/User/Desktop/STM32/STM32CubeIDE_1.18.0/STM32CubeIDE/plugins/com.st.stm32cube.ide.mcu.externaltools.gnu-tools-for-stm32.13.3.rel1.win32_1.0.0.202411081344/tools/bin/../lib/gcc/arm-none-eabi/13.3.1/../../../../arm-none-eabi/lib/thumb/v7e-m+fp/hard\libc_nano.a(libc_a-mallocr.o)
 .ARM.attributes
                0x00000776       0x34 C:/Users/User/Desktop/STM32/STM32CubeIDE_1.18.0/STM32CubeIDE/plugins/com.st.stm32cube.ide.mcu.externaltools.gnu-tools-for-stm32.13.3.rel1.win32_1.0.0.202411081344/tools/bin/../lib/gcc/arm-none-eabi/13.3.1/../../../../arm-none-eabi/lib/thumb/v7e-m+fp/hard\libc_nano.a(libc_a-mlock.o)
 .ARM.attributes
                0x000007aa       0x34 C:/Users/User/Desktop/STM32/STM32CubeIDE_1.18.0/STM32CubeIDE/plugins/com.st.stm32cube.ide.mcu.externaltools.gnu-tools-for-stm32.13.3.rel1.win32_1.0.0.202411081344/tools/bin/../lib/gcc/arm-none-eabi/13.3.1/../../../../arm-none-eabi/lib/thumb/v7e-m+fp/hard\libc_nano.a(libc_a-nano-svfprintf.o)
 .ARM.attributes
                0x000007de       0x34 C:/Users/User/Desktop/STM32/STM32CubeIDE_1.18.0/STM32CubeIDE/plugins/com.st.stm32cube.ide.mcu.externaltools.gnu-tools-for-stm32.13.3.rel1.win32_1.0.0.202411081344/tools/bin/../lib/gcc/arm-none-eabi/13.3.1/../../../../arm-none-eabi/lib/thumb/v7e-m+fp/hard\libc_nano.a(libc_a-nano-vfprintf_i.o)
 .ARM.attributes
                0x00000812       0x34 C:/Users/User/Desktop/STM32/STM32CubeIDE_1.18.0/STM32CubeIDE/plugins/com.st.stm32cube.ide.mcu.externaltools.gnu-tools-for-stm32.13.3.rel1.win32_1.0.0.202411081344/tools/bin/../lib/gcc/arm-none-eabi/13.3.1/../../../../arm-none-eabi/lib/thumb/v7e-m+fp/hard\libc_nano.a(libc_a-memmove.o)
 .ARM.attributes
                0x00000846       0x34 C:/Users/User/Desktop/STM32/STM32CubeIDE_1.18.0/STM32CubeIDE/plugins/com.st.stm32cube.ide.mcu.externaltools.gnu-tools-for-stm32.13.3.rel1.win32_1.0.0.202411081344/tools/bin/../lib/gcc/arm-none-eabi/13.3.1/../../../../arm-none-eabi/lib/thumb/v7e-m+fp/hard\libc_nano.a(libc_a-sbrkr.o)
 .ARM.attributes
                0x0000087a       0x1c C:/Users/User/Desktop/STM32/STM32CubeIDE_1.18.0/STM32CubeIDE/plugins/com.st.stm32cube.ide.mcu.externaltools.gnu-tools-for-stm32.13.3.rel1.win32_1.0.0.202411081344/tools/bin/../lib/gcc/arm-none-eabi/13.3.1/../../../../arm-none-eabi/lib/thumb/v7e-m+fp/hard\libc_nano.a(libc_a-memchr.o)
 .ARM.attributes
                0x00000896       0x34 C:/Users/User/Desktop/STM32/STM32CubeIDE_1.18.0/STM32CubeIDE/plugins/com.st.stm32cube.ide.mcu.externaltools.gnu-tools-for-stm32.13.3.rel1.win32_1.0.0.202411081344/tools/bin/../lib/gcc/arm-none-eabi/13.3.1/../../../../arm-none-eabi/lib/thumb/v7e-m+fp/hard\libc_nano.a(libc_a-reallocr.o)
 .ARM.attributes
                0x000008ca       0x34 C:/Users/User/Desktop/STM32/STM32CubeIDE_1.18.0/STM32CubeIDE/plugins/com.st.stm32cube.ide.mcu.externaltools.gnu-tools-for-stm32.13.3.rel1.win32_1.0.0.202411081344/tools/bin/../lib/gcc/arm-none-eabi/13.3.1/../../../../arm-none-eabi/lib/thumb/v7e-m+fp/hard\libc_nano.a(libc_a-msizer.o)
 .ARM.attributes
                0x000008fe       0x22 C:/Users/User/Desktop/STM32/STM32CubeIDE_1.18.0/STM32CubeIDE/plugins/com.st.stm32cube.ide.mcu.externaltools.gnu-tools-for-stm32.13.3.rel1.win32_1.0.0.202411081344/tools/bin/../lib/gcc/arm-none-eabi/13.3.1/thumb/v7e-m+fp/hard\libgcc.a(_aeabi_uldivmod.o)
 .ARM.attributes
                0x00000920       0x34 C:/Users/User/Desktop/STM32/STM32CubeIDE_1.18.0/STM32CubeIDE/plugins/com.st.stm32cube.ide.mcu.externaltools.gnu-tools-for-stm32.13.3.rel1.win32_1.0.0.202411081344/tools/bin/../lib/gcc/arm-none-eabi/13.3.1/thumb/v7e-m+fp/hard\libgcc.a(_udivmoddi4.o)
 .ARM.attributes
                0x00000954       0x22 C:/Users/User/Desktop/STM32/STM32CubeIDE_1.18.0/STM32CubeIDE/plugins/com.st.stm32cube.ide.mcu.externaltools.gnu-tools-for-stm32.13.3.rel1.win32_1.0.0.202411081344/tools/bin/../lib/gcc/arm-none-eabi/13.3.1/thumb/v7e-m+fp/hard\libgcc.a(_dvmd_tls.o)
 .ARM.attributes
                0x00000976       0x22 C:/Users/User/Desktop/STM32/STM32CubeIDE_1.18.0/STM32CubeIDE/plugins/com.st.stm32cube.ide.mcu.externaltools.gnu-tools-for-stm32.13.3.rel1.win32_1.0.0.202411081344/tools/bin/../lib/gcc/arm-none-eabi/13.3.1/thumb/v7e-m+fp/hard/crtn.o
OUTPUT(lab_2.elf elf32-littlearm)
LOAD linker stubs
LOAD C:/Users/User/Desktop/STM32/STM32CubeIDE_1.18.0/STM32CubeIDE/plugins/com.st.stm32cube.ide.mcu.externaltools.gnu-tools-for-stm32.13.3.rel1.win32_1.0.0.202411081344/tools/bin/../lib/gcc/arm-none-eabi/13.3.1/../../../../arm-none-eabi/lib/thumb/v7e-m+fp/hard\libc.a
LOAD C:/Users/User/Desktop/STM32/STM32CubeIDE_1.18.0/STM32CubeIDE/plugins/com.st.stm32cube.ide.mcu.externaltools.gnu-tools-for-stm32.13.3.rel1.win32_1.0.0.202411081344/tools/bin/../lib/gcc/arm-none-eabi/13.3.1/../../../../arm-none-eabi/lib/thumb/v7e-m+fp/hard\libm.a
LOAD C:/Users/User/Desktop/STM32/STM32CubeIDE_1.18.0/STM32CubeIDE/plugins/com.st.stm32cube.ide.mcu.externaltools.gnu-tools-for-stm32.13.3.rel1.win32_1.0.0.202411081344/tools/bin/../lib/gcc/arm-none-eabi/13.3.1/thumb/v7e-m+fp/hard\libgcc.a

.debug_info     0x00000000    0x11e82
 .debug_info    0x00000000     0x1129 ./Core/Src/main.o
 .debug_info    0x00001129      0x8e9 ./Core/Src/stm32f4xx_hal_msp.o
 .debug_info    0x00001a12      0xbee ./Core/Src/stm32f4xx_hal_timebase_tim.o
 .debug_info    0x00002600      0x6ab ./Core/Src/stm32f4xx_it.o
 .debug_info    0x00002cab      0x168 ./Core/Src/sysmem.o
 .debug_info    0x00002e13      0x512 ./Core/Src/system_stm32f4xx.o
 .debug_info    0x00003325       0x30 ./Core/Startup/startup_stm32f407vgtx.o
 .debug_info    0x00003355      0x944 ./Drivers/STM32F4xx_HAL_Driver/Src/stm32f4xx_hal.o
 .debug_info    0x00003c99      0xd8c ./Drivers/STM32F4xx_HAL_Driver/Src/stm32f4xx_hal_cortex.o
 .debug_info    0x00004a25      0x6c3 ./Drivers/STM32F4xx_HAL_Driver/Src/stm32f4xx_hal_gpio.o
 .debug_info    0x000050e8      0x8af ./Drivers/STM32F4xx_HAL_Driver/Src/stm32f4xx_hal_rcc.o
 .debug_info    0x00005997     0x299d ./Drivers/STM32F4xx_HAL_Driver/Src/stm32f4xx_hal_tim.o
 .debug_info    0x00008334     0x14db ./Drivers/STM32F4xx_HAL_Driver/Src/stm32f4xx_hal_tim_ex.o
 .debug_info    0x0000980f     0x2f4f ./Drivers/STM32F4xx_HAL_Driver/Src/stm32f4xx_hal_uart.o
 .debug_info    0x0000c75e      0x2af ./FreeRTOS/list.o
 .debug_info    0x0000ca0d     0x1740 ./FreeRTOS/queue.o
 .debug_info    0x0000e14d     0x2689 ./FreeRTOS/tasks.o
 .debug_info    0x000107d6      0xdec ./FreeRTOS/timers.o
 .debug_info    0x000115c2      0x4fb ./FreeRTOS/portable/ARM_CM4F/port.o
 .debug_info    0x00011abd      0x3c5 ./FreeRTOS/portable/MemMang/heap_4.o

.debug_abbrev   0x00000000     0x2b4f
 .debug_abbrev  0x00000000      0x2fe ./Core/Src/main.o
 .debug_abbrev  0x000002fe      0x1ad ./Core/Src/stm32f4xx_hal_msp.o
 .debug_abbrev  0x000004ab      0x1f4 ./Core/Src/stm32f4xx_hal_timebase_tim.o
 .debug_abbrev  0x0000069f      0x17d ./Core/Src/stm32f4xx_it.o
 .debug_abbrev  0x0000081c       0xbc ./Core/Src/sysmem.o
 .debug_abbrev  0x000008d8      0x11a ./Core/Src/system_stm32f4xx.o
 .debug_abbrev  0x000009f2       0x24 ./Core/Startup/startup_stm32f407vgtx.o
 .debug_abbrev  0x00000a16      0x214 ./Drivers/STM32F4xx_HAL_Driver/Src/stm32f4xx_hal.o
 .debug_abbrev  0x00000c2a      0x31d ./Drivers/STM32F4xx_HAL_Driver/Src/stm32f4xx_hal_cortex.o
 .debug_abbrev  0x00000f47      0x1d4 ./Drivers/STM32F4xx_HAL_Driver/Src/stm32f4xx_hal_gpio.o
 .debug_abbrev  0x0000111b      0x2b7 ./Drivers/STM32F4xx_HAL_Driver/Src/stm32f4xx_hal_rcc.o
 .debug_abbrev  0x000013d2      0x278 ./Drivers/STM32F4xx_HAL_Driver/Src/stm32f4xx_hal_tim.o
 .debug_abbrev  0x0000164a      0x283 ./Drivers/STM32F4xx_HAL_Driver/Src/stm32f4xx_hal_tim_ex.o
 .debug_abbrev  0x000018cd      0x30e ./Drivers/STM32F4xx_HAL_Driver/Src/stm32f4xx_hal_uart.o
 .debug_abbrev  0x00001bdb       0xf5 ./FreeRTOS/list.o
 .debug_abbrev  0x00001cd0      0x352 ./FreeRTOS/queue.o
 .debug_abbrev  0x00002022      0x3ee ./FreeRTOS/tasks.o
 .debug_abbrev  0x00002410      0x2de ./FreeRTOS/timers.o
 .debug_abbrev  0x000026ee      0x25c ./FreeRTOS/portable/ARM_CM4F/port.o
 .debug_abbrev  0x0000294a      0x205 ./FreeRTOS/portable/MemMang/heap_4.o

.debug_aranges  0x00000000     0x10d8
 .debug_aranges
                0x00000000       0x68 ./Core/Src/main.o
 .debug_aranges
                0x00000068       0x30 ./Core/Src/stm32f4xx_hal_msp.o
 .debug_aranges
                0x00000098       0x30 ./Core/Src/stm32f4xx_hal_timebase_tim.o
 .debug_aranges
                0x000000c8       0x50 ./Core/Src/stm32f4xx_it.o
 .debug_aranges
                0x00000118       0x20 ./Core/Src/sysmem.o
 .debug_aranges
                0x00000138       0x28 ./Core/Src/system_stm32f4xx.o
 .debug_aranges
                0x00000160       0x28 ./Core/Startup/startup_stm32f407vgtx.o
 .debug_aranges
                0x00000188       0xf0 ./Drivers/STM32F4xx_HAL_Driver/Src/stm32f4xx_hal.o
 .debug_aranges
                0x00000278      0x130 ./Drivers/STM32F4xx_HAL_Driver/Src/stm32f4xx_hal_cortex.o
 .debug_aranges
                0x000003a8       0x58 ./Drivers/STM32F4xx_HAL_Driver/Src/stm32f4xx_hal_gpio.o
 .debug_aranges
                0x00000400       0x88 ./Drivers/STM32F4xx_HAL_Driver/Src/stm32f4xx_hal_rcc.o
 .debug_aranges
                0x00000488      0x3d0 ./Drivers/STM32F4xx_HAL_Driver/Src/stm32f4xx_hal_tim.o
 .debug_aranges
                0x00000858      0x168 ./Drivers/STM32F4xx_HAL_Driver/Src/stm32f4xx_hal_tim_ex.o
 .debug_aranges
                0x000009c0      0x208 ./Drivers/STM32F4xx_HAL_Driver/Src/stm32f4xx_hal_uart.o
 .debug_aranges
                0x00000bc8       0x40 ./FreeRTOS/list.o
 .debug_aranges
                0x00000c08      0x130 ./FreeRTOS/queue.o
 .debug_aranges
                0x00000d38      0x200 ./FreeRTOS/tasks.o
 .debug_aranges
                0x00000f38       0xd0 ./FreeRTOS/timers.o
 .debug_aranges
                0x00001008       0x80 ./FreeRTOS/portable/ARM_CM4F/port.o
 .debug_aranges
                0x00001088       0x50 ./FreeRTOS/portable/MemMang/heap_4.o

.debug_rnglists
                0x00000000      0xd1d
 .debug_rnglists
                0x00000000       0x4c ./Core/Src/main.o
 .debug_rnglists
                0x0000004c       0x20 ./Core/Src/stm32f4xx_hal_msp.o
 .debug_rnglists
                0x0000006c       0x20 ./Core/Src/stm32f4xx_hal_timebase_tim.o
 .debug_rnglists
                0x0000008c       0x37 ./Core/Src/stm32f4xx_it.o
 .debug_rnglists
                0x000000c3       0x13 ./Core/Src/sysmem.o
 .debug_rnglists
                0x000000d6       0x1a ./Core/Src/system_stm32f4xx.o
 .debug_rnglists
                0x000000f0       0x19 ./Core/Startup/startup_stm32f407vgtx.o
 .debug_rnglists
                0x00000109       0xaf ./Drivers/STM32F4xx_HAL_Driver/Src/stm32f4xx_hal.o
 .debug_rnglists
                0x000001b8       0xe0 ./Drivers/STM32F4xx_HAL_Driver/Src/stm32f4xx_hal_cortex.o
 .debug_rnglists
                0x00000298       0x3f ./Drivers/STM32F4xx_HAL_Driver/Src/stm32f4xx_hal_gpio.o
 .debug_rnglists
                0x000002d7       0x66 ./Drivers/STM32F4xx_HAL_Driver/Src/stm32f4xx_hal_rcc.o
 .debug_rnglists
                0x0000033d      0x31a ./Drivers/STM32F4xx_HAL_Driver/Src/stm32f4xx_hal_tim.o
 .debug_rnglists
                0x00000657      0x125 ./Drivers/STM32F4xx_HAL_Driver/Src/stm32f4xx_hal_tim_ex.o
 .debug_rnglists
                0x0000077c      0x1bc ./Drivers/STM32F4xx_HAL_Driver/Src/stm32f4xx_hal_uart.o
 .debug_rnglists
                0x00000938       0x2b ./FreeRTOS/list.o
 .debug_rnglists
                0x00000963       0xea ./FreeRTOS/queue.o
 .debug_rnglists
                0x00000a4d      0x19b ./FreeRTOS/tasks.o
 .debug_rnglists
                0x00000be8       0x9d ./FreeRTOS/timers.o
 .debug_rnglists
                0x00000c85       0x5d ./FreeRTOS/portable/ARM_CM4F/port.o
 .debug_rnglists
                0x00000ce2       0x3b ./FreeRTOS/portable/MemMang/heap_4.o

.debug_macro    0x00000000    0x2242b
 .debug_macro   0x00000000      0x245 ./Core/Src/main.o
 .debug_macro   0x00000245      0xad8 ./Core/Src/main.o
 .debug_macro   0x00000d1d      0x29b ./Core/Src/main.o
 .debug_macro   0x00000fb8       0x2e ./Core/Src/main.o
 .debug_macro   0x00000fe6       0x2f ./Core/Src/main.o
 .debug_macro   0x00001015       0x22 ./Core/Src/main.o
 .debug_macro   0x00001037       0x8e ./Core/Src/main.o
 .debug_macro   0x000010c5       0x51 ./Core/Src/main.o
 .debug_macro   0x00001116      0x103 ./Core/Src/main.o
 .debug_macro   0x00001219       0x6a ./Core/Src/main.o
 .debug_macro   0x00001283      0x1df ./Core/Src/main.o
 .debug_macro   0x00001462       0x1c ./Core/Src/main.o
 .debug_macro   0x0000147e       0x22 ./Core/Src/main.o
 .debug_macro   0x000014a0       0xfb ./Core/Src/main.o
 .debug_macro   0x0000159b     0x1011 ./Core/Src/main.o
 .debug_macro   0x000025ac      0x11f ./Core/Src/main.o
 .debug_macro   0x000026cb    0x15e97 ./Core/Src/main.o
 .debug_macro   0x00018562       0x6d ./Core/Src/main.o
 .debug_macro   0x000185cf     0x369a ./Core/Src/main.o
 .debug_macro   0x0001bc69      0x190 ./Core/Src/main.o
 .debug_macro   0x0001bdf9       0x5c ./Core/Src/main.o
 .debug_macro   0x0001be55      0x980 ./Core/Src/main.o
 .debug_macro   0x0001c7d5      0x9e9 ./Core/Src/main.o
 .debug_macro   0x0001d1be      0x115 ./Core/Src/main.o
 .debug_macro   0x0001d2d3      0x13e ./Core/Src/main.o
 .debug_macro   0x0001d411       0xa5 ./Core/Src/main.o
 .debug_macro   0x0001d4b6      0x174 ./Core/Src/main.o
 .debug_macro   0x0001d62a      0x287 ./Core/Src/main.o
 .debug_macro   0x0001d8b1       0x5f ./Core/Src/main.o
 .debug_macro   0x0001d910      0x236 ./Core/Src/main.o
 .debug_macro   0x0001db46      0x12c ./Core/Src/main.o
 .debug_macro   0x0001dc72      0x21e ./Core/Src/main.o
 .debug_macro   0x0001de90       0x2e ./Core/Src/main.o
 .debug_macro   0x0001debe      0x127 ./Core/Src/main.o
 .debug_macro   0x0001dfe5       0x7e ./Core/Src/main.o
 .debug_macro   0x0001e063       0x89 ./Core/Src/main.o
 .debug_macro   0x0001e0ec      0x8ed ./Core/Src/main.o
 .debug_macro   0x0001e9d9       0x4d ./Core/Src/main.o
 .debug_macro   0x0001ea26      0x2aa ./Core/Src/main.o
 .debug_macro   0x0001ecd0      0x12d ./Core/Src/main.o
 .debug_macro   0x0001edfd      0x190 ./Core/Src/main.o
 .debug_macro   0x0001ef8d      0x106 ./Core/Src/main.o
 .debug_macro   0x0001f093      0x15a ./Core/Src/main.o
 .debug_macro   0x0001f1ed       0xe4 ./Core/Src/main.o
 .debug_macro   0x0001f2d1       0x1c ./Core/Src/main.o
 .debug_macro   0x0001f2ed       0x26 ./Core/Src/main.o
 .debug_macro   0x0001f313      0x4d3 ./Core/Src/main.o
 .debug_macro   0x0001f7e6       0xbb ./Core/Src/main.o
 .debug_macro   0x0001f8a1       0xaa ./Core/Src/main.o
 .debug_macro   0x0001f94b      0x1dd ./Core/Src/stm32f4xx_hal_msp.o
 .debug_macro   0x0001fb28      0x1ce ./Core/Src/stm32f4xx_hal_timebase_tim.o
 .debug_macro   0x0001fcf6      0x1e7 ./Core/Src/stm32f4xx_it.o
 .debug_macro   0x0001fedd      0x112 ./Core/Src/sysmem.o
 .debug_macro   0x0001ffef      0x23c ./Core/Src/sysmem.o
 .debug_macro   0x0002022b      0x1ce ./Core/Src/system_stm32f4xx.o
 .debug_macro   0x000203f9      0x22e ./Drivers/STM32F4xx_HAL_Driver/Src/stm32f4xx_hal.o
 .debug_macro   0x00020627      0x1ce ./Drivers/STM32F4xx_HAL_Driver/Src/stm32f4xx_hal_cortex.o
 .debug_macro   0x000207f5      0x1d4 ./Drivers/STM32F4xx_HAL_Driver/Src/stm32f4xx_hal_gpio.o
 .debug_macro   0x000209c9      0x1f2 ./Drivers/STM32F4xx_HAL_Driver/Src/stm32f4xx_hal_rcc.o
 .debug_macro   0x00020bbb      0x1cf ./Drivers/STM32F4xx_HAL_Driver/Src/stm32f4xx_hal_tim.o
 .debug_macro   0x00020d8a      0x1ce ./Drivers/STM32F4xx_HAL_Driver/Src/stm32f4xx_hal_tim_ex.o
 .debug_macro   0x00020f58      0x1cf ./Drivers/STM32F4xx_HAL_Driver/Src/stm32f4xx_hal_uart.o
 .debug_macro   0x00021127      0x187 ./FreeRTOS/list.o
 .debug_macro   0x000212ae      0x37c ./FreeRTOS/queue.o
 .debug_macro   0x0002162a       0x16 ./FreeRTOS/queue.o
 .debug_macro   0x00021640       0x20 ./FreeRTOS/queue.o
 .debug_macro   0x00021660       0x80 ./FreeRTOS/queue.o
 .debug_macro   0x000216e0      0x3df ./FreeRTOS/tasks.o
 .debug_macro   0x00021abf       0x10 ./FreeRTOS/tasks.o
 .debug_macro   0x00021acf      0x34c ./FreeRTOS/timers.o
 .debug_macro   0x00021e1b      0x2fc ./FreeRTOS/portable/ARM_CM4F/port.o
 .debug_macro   0x00022117      0x314 ./FreeRTOS/portable/MemMang/heap_4.o

.debug_line     0x00000000    0x14b5e
 .debug_line    0x00000000      0xb44 ./Core/Src/main.o
 .debug_line    0x00000b44      0x84a ./Core/Src/stm32f4xx_hal_msp.o
 .debug_line    0x0000138e      0x87b ./Core/Src/stm32f4xx_hal_timebase_tim.o
 .debug_line    0x00001c09      0x886 ./Core/Src/stm32f4xx_it.o
 .debug_line    0x0000248f      0x655 ./Core/Src/sysmem.o
 .debug_line    0x00002ae4      0x882 ./Core/Src/system_stm32f4xx.o
 .debug_line    0x00003366       0x7a ./Core/Startup/startup_stm32f407vgtx.o
 .debug_line    0x000033e0      0xaef ./Drivers/STM32F4xx_HAL_Driver/Src/stm32f4xx_hal.o
 .debug_line    0x00003ecf      0xdbf ./Drivers/STM32F4xx_HAL_Driver/Src/stm32f4xx_hal_cortex.o
 .debug_line    0x00004c8e      0xc47 ./Drivers/STM32F4xx_HAL_Driver/Src/stm32f4xx_hal_gpio.o
 .debug_line    0x000058d5      0xefe ./Drivers/STM32F4xx_HAL_Driver/Src/stm32f4xx_hal_rcc.o
 .debug_line    0x000067d3     0x386c ./Drivers/STM32F4xx_HAL_Driver/Src/stm32f4xx_hal_tim.o
 .debug_line    0x0000a03f     0x1a4f ./Drivers/STM32F4xx_HAL_Driver/Src/stm32f4xx_hal_tim_ex.o
 .debug_line    0x0000ba8e     0x25fe ./Drivers/STM32F4xx_HAL_Driver/Src/stm32f4xx_hal_uart.o
 .debug_line    0x0000e08c      0x828 ./FreeRTOS/list.o
 .debug_line    0x0000e8b4     0x1916 ./FreeRTOS/queue.o
 .debug_line    0x000101ca     0x2056 ./FreeRTOS/tasks.o
 .debug_line    0x00012220     0x1049 ./FreeRTOS/timers.o
 .debug_line    0x00013269      0xc03 ./FreeRTOS/portable/ARM_CM4F/port.o
 .debug_line    0x00013e6c      0xcf2 ./FreeRTOS/portable/MemMang/heap_4.o

.debug_str      0x00000000    0xd2b32
 .debug_str     0x00000000    0xd2b32 ./Core/Src/main.o
                              0xc8e72 (size before relaxing)
 .debug_str     0x000d2b32    0xc4a68 ./Core/Src/stm32f4xx_hal_msp.o
 .debug_str     0x000d2b32    0xc4a8b ./Core/Src/stm32f4xx_hal_timebase_tim.o
 .debug_str     0x000d2b32    0xc49f6 ./Core/Src/stm32f4xx_it.o
 .debug_str     0x000d2b32     0x7769 ./Core/Src/sysmem.o
 .debug_str     0x000d2b32    0xc3f94 ./Core/Src/system_stm32f4xx.o
 .debug_str     0x000d2b32       0x6b ./Core/Startup/startup_stm32f407vgtx.o
 .debug_str     0x000d2b32    0xc4b18 ./Drivers/STM32F4xx_HAL_Driver/Src/stm32f4xx_hal.o
 .debug_str     0x000d2b32    0xc4894 ./Drivers/STM32F4xx_HAL_Driver/Src/stm32f4xx_hal_cortex.o
 .debug_str     0x000d2b32    0xc410f ./Drivers/STM32F4xx_HAL_Driver/Src/stm32f4xx_hal_gpio.o
 .debug_str     0x000d2b32    0xc43c8 ./Drivers/STM32F4xx_HAL_Driver/Src/stm32f4xx_hal_rcc.o
 .debug_str     0x000d2b32    0xc531e ./Drivers/STM32F4xx_HAL_Driver/Src/stm32f4xx_hal_tim.o
 .debug_str     0x000d2b32    0xc4b2a ./Drivers/STM32F4xx_HAL_Driver/Src/stm32f4xx_hal_tim_ex.o
 .debug_str     0x000d2b32    0xc49a9 ./Drivers/STM32F4xx_HAL_Driver/Src/stm32f4xx_hal_uart.o
 .debug_str     0x000d2b32     0xac4d ./FreeRTOS/list.o
 .debug_str     0x000d2b32    0xcc1c8 ./FreeRTOS/queue.o
 .debug_str     0x000d2b32    0xcd32e ./FreeRTOS/tasks.o
 .debug_str     0x000d2b32    0xcc579 ./FreeRTOS/timers.o
 .debug_str     0x000d2b32    0xc84c2 ./FreeRTOS/portable/ARM_CM4F/port.o
 .debug_str     0x000d2b32    0xcb11c ./FreeRTOS/portable/MemMang/heap_4.o

.comment        0x00000000       0x43
 .comment       0x00000000       0x43 ./Core/Src/main.o
                                 0x44 (size before relaxing)
 .comment       0x00000043       0x44 ./Core/Src/stm32f4xx_hal_msp.o
 .comment       0x00000043       0x44 ./Core/Src/stm32f4xx_hal_timebase_tim.o
 .comment       0x00000043       0x44 ./Core/Src/stm32f4xx_it.o
 .comment       0x00000043       0x44 ./Core/Src/sysmem.o
 .comment       0x00000043       0x44 ./Core/Src/system_stm32f4xx.o
 .comment       0x00000043       0x44 ./Drivers/STM32F4xx_HAL_Driver/Src/stm32f4xx_hal.o
 .comment       0x00000043       0x44 ./Drivers/STM32F4xx_HAL_Driver/Src/stm32f4xx_hal_cortex.o
 .comment       0x00000043       0x44 ./Drivers/STM32F4xx_HAL_Driver/Src/stm32f4xx_hal_gpio.o
 .comment       0x00000043       0x44 ./Drivers/STM32F4xx_HAL_Driver/Src/stm32f4xx_hal_rcc.o
 .comment       0x00000043       0x44 ./Drivers/STM32F4xx_HAL_Driver/Src/stm32f4xx_hal_tim.o
 .comment       0x00000043       0x44 ./Drivers/STM32F4xx_HAL_Driver/Src/stm32f4xx_hal_tim_ex.o
 .comment       0x00000043       0x44 ./Drivers/STM32F4xx_HAL_Driver/Src/stm32f4xx_hal_uart.o
 .comment       0x00000043       0x44 ./FreeRTOS/list.o
 .comment       0x00000043       0x44 ./FreeRTOS/queue.o
 .comment       0x00000043       0x44 ./FreeRTOS/tasks.o
 .comment       0x00000043       0x44 ./FreeRTOS/timers.o
 .comment       0x00000043       0x44 ./FreeRTOS/portable/ARM_CM4F/port.o
 .comment       0x00000043       0x44 ./FreeRTOS/portable/MemMang/heap_4.o

.debug_frame    0x00000000     0x4c3c
 .debug_frame   0x00000000      0x154 ./Core/Src/main.o
 .debug_frame   0x00000154       0x80 ./Core/Src/stm32f4xx_hal_msp.o
 .debug_frame   0x000001d4       0x74 ./Core/Src/stm32f4xx_hal_timebase_tim.o
 .debug_frame   0x00000248       0xc4 ./Core/Src/stm32f4xx_it.o
 .debug_frame   0x0000030c       0x34 ./Core/Src/sysmem.o
 .debug_frame   0x00000340       0x58 ./Core/Src/system_stm32f4xx.o
 .debug_frame   0x00000398      0x374 ./Drivers/STM32F4xx_HAL_Driver/Src/stm32f4xx_hal.o
 .debug_frame   0x0000070c      0x508 ./Drivers/STM32F4xx_HAL_Driver/Src/stm32f4xx_hal_cortex.o
 .debug_frame   0x00000c14      0x14c ./Drivers/STM32F4xx_HAL_Driver/Src/stm32f4xx_hal_gpio.o
 .debug_frame   0x00000d60      0x1f4 ./Drivers/STM32F4xx_HAL_Driver/Src/stm32f4xx_hal_rcc.o
 .debug_frame   0x00000f54     0x11c0 ./Drivers/STM32F4xx_HAL_Driver/Src/stm32f4xx_hal_tim.o
 .debug_frame   0x00002114      0x638 ./Drivers/STM32F4xx_HAL_Driver/Src/stm32f4xx_hal_tim_ex.o
 .debug_frame   0x0000274c      0x954 ./Drivers/STM32F4xx_HAL_Driver/Src/stm32f4xx_hal_uart.o
 .debug_frame   0x000030a0       0xd8 ./FreeRTOS/list.o
 .debug_frame   0x00003178      0x530 ./FreeRTOS/queue.o
 .debug_frame   0x000036a8      0x8c8 ./FreeRTOS/tasks.o
 .debug_frame   0x00003f70      0x368 ./FreeRTOS/timers.o
 .debug_frame   0x000042d8      0x1a8 ./FreeRTOS/portable/ARM_CM4F/port.o
 .debug_frame   0x00004480      0x108 ./FreeRTOS/portable/MemMang/heap_4.o
 .debug_frame   0x00004588       0x38 C:/Users/User/Desktop/STM32/STM32CubeIDE_1.18.0/STM32CubeIDE/plugins/com.st.stm32cube.ide.mcu.externaltools.gnu-tools-for-stm32.13.3.rel1.win32_1.0.0.202411081344/tools/bin/../lib/gcc/arm-none-eabi/13.3.1/../../../../arm-none-eabi/lib/thumb/v7e-m+fp/hard\libc_nano.a(libc_a-itoa.o)
 .debug_frame   0x000045c0       0x48 C:/Users/User/Desktop/STM32/STM32CubeIDE_1.18.0/STM32CubeIDE/plugins/com.st.stm32cube.ide.mcu.externaltools.gnu-tools-for-stm32.13.3.rel1.win32_1.0.0.202411081344/tools/bin/../lib/gcc/arm-none-eabi/13.3.1/../../../../arm-none-eabi/lib/thumb/v7e-m+fp/hard\libc_nano.a(libc_a-utoa.o)
 .debug_frame   0x00004608      0x144 C:/Users/User/Desktop/STM32/STM32CubeIDE_1.18.0/STM32CubeIDE/plugins/com.st.stm32cube.ide.mcu.externaltools.gnu-tools-for-stm32.13.3.rel1.win32_1.0.0.202411081344/tools/bin/../lib/gcc/arm-none-eabi/13.3.1/../../../../arm-none-eabi/lib/thumb/v7e-m+fp/hard\libc_nano.a(libc_a-findfp.o)
 .debug_frame   0x0000474c       0x74 C:/Users/User/Desktop/STM32/STM32CubeIDE_1.18.0/STM32CubeIDE/plugins/com.st.stm32cube.ide.mcu.externaltools.gnu-tools-for-stm32.13.3.rel1.win32_1.0.0.202411081344/tools/bin/../lib/gcc/arm-none-eabi/13.3.1/../../../../arm-none-eabi/lib/thumb/v7e-m+fp/hard\libc_nano.a(libc_a-sprintf.o)
 .debug_frame   0x000047c0       0x20 C:/Users/User/Desktop/STM32/STM32CubeIDE_1.18.0/STM32CubeIDE/plugins/com.st.stm32cube.ide.mcu.externaltools.gnu-tools-for-stm32.13.3.rel1.win32_1.0.0.202411081344/tools/bin/../lib/gcc/arm-none-eabi/13.3.1/../../../../arm-none-eabi/lib/thumb/v7e-m+fp/hard\libc_nano.a(libc_a-memset.o)
 .debug_frame   0x000047e0       0x28 C:/Users/User/Desktop/STM32/STM32CubeIDE_1.18.0/STM32CubeIDE/plugins/com.st.stm32cube.ide.mcu.externaltools.gnu-tools-for-stm32.13.3.rel1.win32_1.0.0.202411081344/tools/bin/../lib/gcc/arm-none-eabi/13.3.1/../../../../arm-none-eabi/lib/thumb/v7e-m+fp/hard\libc_nano.a(libc_a-strcat.o)
 .debug_frame   0x00004808       0x38 C:/Users/User/Desktop/STM32/STM32CubeIDE_1.18.0/STM32CubeIDE/plugins/com.st.stm32cube.ide.mcu.externaltools.gnu-tools-for-stm32.13.3.rel1.win32_1.0.0.202411081344/tools/bin/../lib/gcc/arm-none-eabi/13.3.1/../../../../arm-none-eabi/lib/thumb/v7e-m+fp/hard\libc_nano.a(libc_a-reent.o)
 .debug_frame   0x00004840       0x20 C:/Users/User/Desktop/STM32/STM32CubeIDE_1.18.0/STM32CubeIDE/plugins/com.st.stm32cube.ide.mcu.externaltools.gnu-tools-for-stm32.13.3.rel1.win32_1.0.0.202411081344/tools/bin/../lib/gcc/arm-none-eabi/13.3.1/../../../../arm-none-eabi/lib/thumb/v7e-m+fp/hard\libc_nano.a(libc_a-errno.o)
 .debug_frame   0x00004860       0x2c C:/Users/User/Desktop/STM32/STM32CubeIDE_1.18.0/STM32CubeIDE/plugins/com.st.stm32cube.ide.mcu.externaltools.gnu-tools-for-stm32.13.3.rel1.win32_1.0.0.202411081344/tools/bin/../lib/gcc/arm-none-eabi/13.3.1/../../../../arm-none-eabi/lib/thumb/v7e-m+fp/hard\libc_nano.a(libc_a-init.o)
 .debug_frame   0x0000488c       0xb0 C:/Users/User/Desktop/STM32/STM32CubeIDE_1.18.0/STM32CubeIDE/plugins/com.st.stm32cube.ide.mcu.externaltools.gnu-tools-for-stm32.13.3.rel1.win32_1.0.0.202411081344/tools/bin/../lib/gcc/arm-none-eabi/13.3.1/../../../../arm-none-eabi/lib/thumb/v7e-m+fp/hard\libc_nano.a(libc_a-lock.o)
 .debug_frame   0x0000493c       0x20 C:/Users/User/Desktop/STM32/STM32CubeIDE_1.18.0/STM32CubeIDE/plugins/com.st.stm32cube.ide.mcu.externaltools.gnu-tools-for-stm32.13.3.rel1.win32_1.0.0.202411081344/tools/bin/../lib/gcc/arm-none-eabi/13.3.1/../../../../arm-none-eabi/lib/thumb/v7e-m+fp/hard\libc_nano.a(libc_a-strcpy.o)
 .debug_frame   0x0000495c       0x28 C:/Users/User/Desktop/STM32/STM32CubeIDE_1.18.0/STM32CubeIDE/plugins/com.st.stm32cube.ide.mcu.externaltools.gnu-tools-for-stm32.13.3.rel1.win32_1.0.0.202411081344/tools/bin/../lib/gcc/arm-none-eabi/13.3.1/../../../../arm-none-eabi/lib/thumb/v7e-m+fp/hard\libc_nano.a(libc_a-memcpy-stub.o)