../Core/Src/main.c:92:6:TaskMonitor_App	16	static
../Core/Src/main.c:99:6:Red_LED_App	24	static
../Core/Src/main.c:108:6:Green_LED_App	24	static
../Core/Src/main.c:116:6:Delay_App	24	static
../Core/Src/main.c:131:5:main	16	static
../Core/Src/main.c:184:6:SystemClock_Config	88	static
../Core/Src/main.c:231:13:MX_USART2_UART_Init	8	static
../Core/Src/main.c:264:13:MX_GPIO_Init	56	static
../Core/Src/main.c:415:6:HAL_TIM_PeriodElapsedCallback	16	static
../Core/Src/main.c:433:6:Error_Handler	4	static,ignoring_inline_asm
